Component: ARM Compiler 5.05 (build 41) Tool: armlink [4d0eb9]

==============================================================================

Section Cross References

    blinky.o(i._Z8turnPinsb) refers to wiring_digital.o(i.digitalWrite) for digitalWrite
    blinky.o(i.loop) refers to blinky.o(i._Z8turnPinsb) for turnPins(bool)
    blinky.o(i.loop) refers to wiring.o(i.delay) for delay
    blinky.o(i.setup) refers to wiring_digital.o(i.pinMode) for pinMode
    blinky.o(.ARM.exidx) refers to blinky.o(i.setup) for i.setup
    blinky.o(.ARM.exidx) refers to blinky.o(i._Z8turnPinsb) for i._Z8turnPinsb
    blinky.o(.ARM.exidx) refers to blinky.o(i.loop) for i.loop
    hooks.o(.ARM.exidx) refers to hooks.o(i._Z5yieldv) for i._Z5yieldv
    hooks.o(.ARM.exidx) refers to hooks.o(i._Z11sysTickHookv) for i._Z11sysTickHookv
    hooks.o(.ARM.exidx) refers to hooks.o(i._Z7svcHookv) for i._Z7svcHookv
    itoa.o(i.itoa) refers to itoa.o(i.ltoa) for ltoa
    itoa.o(i.ltoa) refers to uidiv.o(.text) for __aeabi_uidivmod
    itoa.o(i.ultoa) refers to uidiv.o(.text) for __aeabi_uidivmod
    itoa.o(i.utoa) refers to itoa.o(i.ultoa) for ultoa
    itoa.o(.ARM.exidx) refers to itoa.o(i.ltoa) for i.ltoa
    itoa.o(.ARM.exidx) refers to itoa.o(i.itoa) for i.itoa
    itoa.o(.ARM.exidx) refers to itoa.o(i.ultoa) for i.ultoa
    itoa.o(.ARM.exidx) refers to itoa.o(i.utoa) for i.utoa
    main.o(i.main) refers to variant.o(i.init) for init
    main.o(i.main) refers to main.o(i.initVariant) for initVariant
    main.o(i.main) refers to wiring.o(i.delay) for delay
    main.o(i.main) refers to blinky.o(i.setup) for setup
    main.o(i.main) refers to blinky.o(i.loop) for loop
    main.o(.ARM.exidx) refers to main.o(i.initVariant) for i.initVariant
    main.o(.ARM.exidx) refers to main.o(i.main) for i.main
    new.o(i._ZdaPv) refers to mallocr.o(i.__free$realloc) for free
    new.o(i._ZdlPv) refers to mallocr.o(i.__free$realloc) for free
    new.o(i._Znaj) refers to mallocr.o(i.__malloc$realloc) for malloc
    new.o(i._Znwj) refers to mallocr.o(i.__malloc$realloc) for malloc
    new.o(.ARM.exidx) refers to new.o(i._Znwj) for i._Znwj
    new.o(.ARM.exidx) refers to new.o(i._Znaj) for i._Znaj
    new.o(.ARM.exidx) refers to new.o(i._ZdlPv) for i._ZdlPv
    new.o(.ARM.exidx) refers to new.o(i._ZdaPv) for i._ZdaPv
    print.o(i._ZN5Print10printFloatEdh) refers to cdrcmple.o(.text) for __aeabi_cdrcmple
    print.o(i._ZN5Print10printFloatEdh) refers to print.o(i._ZN5Print5writeEPKc) for Print::write(const char*)
    print.o(i._ZN5Print10printFloatEdh) refers to cdcmple.o(.text) for __aeabi_cdcmple
    print.o(i._ZN5Print10printFloatEdh) refers to print.o(i._ZN5Print5printEc) for Print::print(char)
    print.o(i._ZN5Print10printFloatEdh) refers to ddiv.o(.text) for __aeabi_ddiv
    print.o(i._ZN5Print10printFloatEdh) refers to dadd.o(.text) for __aeabi_dadd
    print.o(i._ZN5Print10printFloatEdh) refers to dfixui.o(.text) for __aeabi_d2uiz
    print.o(i._ZN5Print10printFloatEdh) refers to dfltui.o(.text) for __aeabi_ui2d
    print.o(i._ZN5Print10printFloatEdh) refers to print.o(i._ZN5Print5printEmi) for Print::print(unsigned long, int)
    print.o(i._ZN5Print10printFloatEdh) refers to print.o(i._ZN5Print5printEPKc) for Print::print(const char*)
    print.o(i._ZN5Print10printFloatEdh) refers to dmul.o(.text) for __aeabi_dmul
    print.o(i._ZN5Print10printFloatEdh) refers to dfixi.o(.text) for __aeabi_d2iz
    print.o(i._ZN5Print10printFloatEdh) refers to print.o(i._ZN5Print5printEii) for Print::print(int, int)
    print.o(i._ZN5Print10printFloatEdh) refers to dflti.o(.text) for __aeabi_i2d
    print.o(i._ZN5Print11printNumberEmh) refers to uidiv.o(.text) for __aeabi_uidivmod
    print.o(i._ZN5Print11printNumberEmh) refers to print.o(i._ZN5Print5writeEPKc) for Print::write(const char*)
    print.o(i._ZN5Print5printEPK19__FlashStringHelper) refers to print.o(i._ZN5Print5writeEPKc) for Print::write(const char*)
    print.o(i._ZN5Print5printEPKc) refers to print.o(i._ZN5Print5writeEPKc) for Print::write(const char*)
    print.o(i._ZN5Print5printERK6String) refers to wstring.o(i._ZNK6StringixEj) for String::operator [](unsigned) const
    print.o(i._ZN5Print5printEdi) refers to print.o(i._ZN5Print10printFloatEdh) for Print::printFloat(double, unsigned char)
    print.o(i._ZN5Print5printEhi) refers to print.o(i._ZN5Print5printEmi) for Print::print(unsigned long, int)
    print.o(i._ZN5Print5printEii) refers to print.o(i._ZN5Print5printEli) for Print::print(long, int)
    print.o(i._ZN5Print5printEji) refers to print.o(i._ZN5Print5printEmi) for Print::print(unsigned long, int)
    print.o(i._ZN5Print5printEli) refers to print.o(i._ZN5Print5printEc) for Print::print(char)
    print.o(i._ZN5Print5printEli) refers to print.o(i._ZN5Print11printNumberEmh) for Print::printNumber(unsigned long, unsigned char)
[...]
    uartclass.o(.constdata__ZTV9UARTClass) refers to uartclass.o(i._ZN9UARTClass4readEv) for UARTClass::read()
    uartclass.o(.constdata__ZTV9UARTClass) refers to uartclass.o(i._ZN9UARTClass4peekEv) for UARTClass::peek()
    uartclass.o(.constdata__ZTV9UARTClass) refers to uartclass.o(i._ZN9UARTClass5flushEv) for UARTClass::flush()
    uartclass.o(.constdata__ZTV9UARTClass) refers to uartclass.o(i._ZN9UARTClasscvbEv) for UARTClass::operator bool()
    uartclass.o(.ARM.exidx) refers to uartclass.o(i._ZN9UARTClasscvbEv) for i._ZN9UARTClasscvbEv
    uartclass.o(.constdata__ZTI9UARTClass) refers to lib_rtti_impl.o(.constdata__ZTVN10__cxxabiv120__si_class_type_infoE) for vtable for __cxxabiv1::__si_class_type_info
    uartclass.o(.constdata__ZTI9UARTClass) refers to uartclass.o(.constdata__ZTS9UARTClass) for typeinfo name for UARTClass
    uartclass.o(.constdata__ZTI9UARTClass) refers to uartclass.o(.constdata__ZTI14HardwareSerial) for typeinfo for HardwareSerial
    uartclass.o(.constdata__ZTI14HardwareSerial) refers to lib_rtti_impl.o(.constdata__ZTVN10__cxxabiv120__si_class_type_infoE) for vtable for __cxxabiv1::__si_class_type_info
    uartclass.o(.constdata__ZTI14HardwareSerial) refers to uartclass.o(.constdata__ZTS14HardwareSerial) for typeinfo name for HardwareSerial
    uartclass.o(.constdata__ZTI14HardwareSerial) refers to uartclass.o(.constdata__ZTI6Stream) for typeinfo for Stream
    uartclass.o(.constdata__ZTI6Stream) refers to lib_rtti_impl.o(.constdata__ZTVN10__cxxabiv120__si_class_type_infoE) for vtable for __cxxabiv1::__si_class_type_info
    uartclass.o(.constdata__ZTI6Stream) refers to uartclass.o(.constdata__ZTS6Stream) for typeinfo name for Stream
    uartclass.o(.constdata__ZTI6Stream) refers to uartclass.o(.constdata__ZTI5Print) for typeinfo for Print
    uartclass.o(.constdata__ZTI5Print) refers to lib_rtti_impl.o(.constdata__ZTVN10__cxxabiv117__class_type_infoE) for vtable for __cxxabiv1::__class_type_info
    uartclass.o(.constdata__ZTI5Print) refers to uartclass.o(.constdata__ZTS5Print) for typeinfo name for Print
    wiring_digital.o(.ARM.exidx) refers to wiring_digital.o(i.__ARM_common_switch8) for i.__ARM_common_switch8
    wstring.o(.ARM.exidx) refers to wstring.o(i._ZN6String4initEv) for i._ZN6String4initEv
    wstring.o(i._ZSt6strstrPcPKc) refers to strstr.o(.text) for strstr
    wstring.o(.ARM.exidx) refers to wstring.o(i._ZSt6strstrPcPKc) for i._ZSt6strstrPcPKc
    lib_rtti_impl.o(.constdata__ZTVN10__cxxabiv123__fundamental_type_infoE) refers to lib_rtti_impl.o(.constdata__ZTIN10__cxxabiv123__fundamental_type_infoE) for typeinfo for __cxxabiv1::__fundamental_type_info
    lib_rtti_impl.o(.constdata__ZTVN10__cxxabiv123__fundamental_type_infoE) refers to lib_rtti_impl.o(i._ZN10__cxxabiv123__fundamental_type_infoD1Ev) for __cxxabiv1::__fundamental_type_info::~__fundamental_type_info()
    lib_rtti_impl.o(.constdata__ZTVN10__cxxabiv123__fundamental_type_infoE) refers to lib_rtti_impl.o(i._ZN10__cxxabiv123__fundamental_type_infoD0Ev) for __cxxabiv1::__fundamental_type_info::~__fundamental_type_info__deallocating()
    lib_rtti_impl.o(.constdata__ZTVN10__cxxabiv117__array_type_infoE) refers to lib_rtti_impl.o(.constdata__ZTIN10__cxxabiv117__array_type_infoE) for typeinfo for __cxxabiv1::__array_type_info
    lib_rtti_impl.o(.constdata__ZTVN10__cxxabiv117__array_type_infoE) refers to lib_rtti_impl.o(i._ZN10__cxxabiv117__array_type_infoD1Ev) for __cxxabiv1::__array_type_info::~__array_type_info()
    lib_rtti_impl.o(.constdata__ZTVN10__cxxabiv117__array_type_infoE) refers to lib_rtti_impl.o(i._ZN10__cxxabiv117__array_type_infoD0Ev) for __cxxabiv1::__array_type_info::~__array_type_info__deallocating()
    lib_rtti_impl.o(.constdata__ZTVN10__cxxabiv120__function_type_infoE) refers to lib_rtti_impl.o(.constdata__ZTIN10__cxxabiv120__function_type_infoE) for typeinfo for __cxxabiv1::__function_type_info
    lib_rtti_impl.o(.constdata__ZTVN10__cxxabiv120__function_type_infoE) refers to lib_rtti_impl.o(i._ZN10__cxxabiv120__function_type_infoD1Ev) for __cxxabiv1::__function_type_info::~__function_type_info()
    lib_rtti_impl.o(.constdata__ZTVN10__cxxabiv120__function_type_infoE) refers to lib_rtti_impl.o(i._ZN10__cxxabiv120__function_type_infoD0Ev) for __cxxabiv1::__function_type_info::~__function_type_info__deallocating()
    lib_rtti_impl.o(.constdata__ZTVN10__cxxabiv116__enum_type_infoE) refers to lib_rtti_impl.o(.constdata__ZTIN10__cxxabiv116__enum_type_infoE) for typeinfo for __cxxabiv1::__enum_type_info
    lib_rtti_impl.o(.constdata__ZTVN10__cxxabiv116__enum_type_infoE) refers to lib_rtti_impl.o(i._ZN10__cxxabiv116__enum_type_infoD1Ev) for __cxxabiv1::__enum_type_info::~__enum_type_info()
    lib_rtti_impl.o(.constdata__ZTVN10__cxxabiv116__enum_type_infoE) refers to lib_rtti_impl.o(i._ZN10__cxxabiv116__enum_type_infoD0Ev) for __cxxabiv1::__enum_type_info::~__enum_type_info__deallocating()
    lib_rtti_impl.o(.constdata__ZTVN10__cxxabiv117__class_type_infoE) refers to lib_rtti_impl.o(.constdata__ZTIN10__cxxabiv117__class_type_infoE) for typeinfo for __cxxabiv1::__class_type_info
    lib_rtti_impl.o(.constdata__ZTVN10__cxxabiv117__class_type_infoE) refers to lib_rtti_impl.o(i._ZN10__cxxabiv117__class_type_infoD1Ev) for __cxxabiv1::__class_type_info::~__class_type_info()
    lib_rtti_impl.o(.constdata__ZTVN10__cxxabiv117__class_type_infoE) refers to lib_rtti_impl.o(i._ZN10__cxxabiv117__class_type_infoD0Ev) for __cxxabiv1::__class_type_info::~__class_type_info__deallocating()
    lib_rtti_impl.o(.constdata__ZTVN10__cxxabiv120__si_class_type_infoE) refers to lib_rtti_impl.o(.constdata__ZTIN10__cxxabiv120__si_class_type_infoE) for typeinfo for __cxxabiv1::__si_class_type_info
    lib_rtti_impl.o(.constdata__ZTVN10__cxxabiv120__si_class_type_infoE) refers to lib_rtti_impl.o(i._ZN10__cxxabiv120__si_class_type_infoD1Ev) for __cxxabiv1::__si_class_type_info::~__si_class_type_info()
    lib_rtti_impl.o(.constdata__ZTVN10__cxxabiv120__si_class_type_infoE) refers to lib_rtti_impl.o(i._ZN10__cxxabiv120__si_class_type_infoD0Ev) for __cxxabiv1::__si_class_type_info::~__si_class_type_info__deallocating()
    lib_rtti_impl.o(.constdata__ZTVN10__cxxabiv121__vmi_class_type_infoE) refers to lib_rtti_impl.o(.constdata__ZTIN10__cxxabiv121__vmi_class_type_infoE) for typeinfo for __cxxabiv1::__vmi_class_type_info
    lib_rtti_impl.o(.constdata__ZTVN10__cxxabiv121__vmi_class_type_infoE) refers to lib_rtti_impl.o(i._ZN10__cxxabiv121__vmi_class_type_infoD1Ev) for __cxxabiv1::__vmi_class_type_info::~__vmi_class_type_info()
    lib_rtti_impl.o(.constdata__ZTVN10__cxxabiv121__vmi_class_type_infoE) refers to lib_rtti_impl.o(i._ZN10__cxxabiv121__vmi_class_type_infoD0Ev) for __cxxabiv1::__vmi_class_type_info::~__vmi_class_type_info__deallocating()
    lib_rtti_impl.o(.constdata__ZTVN10__cxxabiv117__pbase_type_infoE) refers to lib_rtti_impl.o(.constdata__ZTIN10__cxxabiv117__pbase_type_infoE) for typeinfo for __cxxabiv1::__pbase_type_info
    lib_rtti_impl.o(.constdata__ZTVN10__cxxabiv117__pbase_type_infoE) refers to lib_rtti_impl.o(i._ZN10__cxxabiv117__pbase_type_infoD1Ev) for __cxxabiv1::__pbase_type_info::~__pbase_type_info()
    lib_rtti_impl.o(.constdata__ZTVN10__cxxabiv117__pbase_type_infoE) refers to lib_rtti_impl.o(i._ZN10__cxxabiv117__pbase_type_infoD0Ev) for __cxxabiv1::__pbase_type_info::~__pbase_type_info__deallocating()
    lib_rtti_impl.o(.constdata__ZTVN10__cxxabiv119__pointer_type_infoE) refers to lib_rtti_impl.o(.constdata__ZTIN10__cxxabiv119__pointer_type_infoE) for typeinfo for __cxxabiv1::__pointer_type_info
    lib_rtti_impl.o(.constdata__ZTVN10__cxxabiv119__pointer_type_infoE) refers to lib_rtti_impl.o(i._ZN10__cxxabiv119__pointer_type_infoD1Ev) for __cxxabiv1::__pointer_type_info::~__pointer_type_info()
    lib_rtti_impl.o(.constdata__ZTVN10__cxxabiv119__pointer_type_infoE) refers to lib_rtti_impl.o(i._ZN10__cxxabiv119__pointer_type_infoD0Ev) for __cxxabiv1::__pointer_type_info::~__pointer_type_info__deallocating()
    lib_rtti_impl.o(.constdata__ZTVN10__cxxabiv129__pointer_to_member_type_infoE) refers to lib_rtti_impl.o(.constdata__ZTIN10__cxxabiv129__pointer_to_member_type_infoE) for typeinfo for __cxxabiv1::__pointer_to_member_type_info
    lib_rtti_impl.o(.constdata__ZTVN10__cxxabiv129__pointer_to_member_type_infoE) refers to lib_rtti_impl.o(i._ZN10__cxxabiv129__pointer_to_member_type_infoD1Ev) for __cxxabiv1::__pointer_to_member_type_info::~__pointer_to_member_type_info()
    lib_rtti_impl.o(.constdata__ZTVN10__cxxabiv129__pointer_to_member_type_infoE) refers to lib_rtti_impl.o(i._ZN10__cxxabiv129__pointer_to_member_type_infoD0Ev) for __cxxabiv1::__pointer_to_member_type_info::~__pointer_to_member_type_info__deallocating()
    lib_rtti_impl.o(.ARM.exidx) refers to lib_rtti_impl.o(i._ZNSt9type_infodlEPv) for i._ZNSt9type_infodlEPv
    lib_rtti_impl.o(.constdata__ZTIN10__cxxabiv123__fundamental_type_infoE) refers to lib_rtti_impl.o(.constdata__ZTVN10__cxxabiv120__si_class_type_infoE) for vtable for __cxxabiv1::__si_class_type_info
    lib_rtti_impl.o(.constdata__ZTIN10__cxxabiv123__fundamental_type_infoE) refers to lib_rtti_impl.o(.constdata__ZTSN10__cxxabiv123__fundamental_type_infoE) for typeinfo name for __cxxabiv1::__fundamental_type_info
    lib_rtti_impl.o(.constdata__ZTIN10__cxxabiv123__fundamental_type_infoE) refers to type_info_dtor.o(.constdata__ZTISt9type_info) for typeinfo for std::type_info
    lib_rtti_impl.o(.constdata__ZTIN10__cxxabiv117__array_type_infoE) refers to lib_rtti_impl.o(.constdata__ZTVN10__cxxabiv120__si_class_type_infoE) for vtable for __cxxabiv1::__si_class_type_info
    lib_rtti_impl.o(.constdata__ZTIN10__cxxabiv117__array_type_infoE) refers to lib_rtti_impl.o(.constdata__ZTSN10__cxxabiv117__array_type_infoE) for typeinfo name for __cxxabiv1::__array_type_info
    lib_rtti_impl.o(.constdata__ZTIN10__cxxabiv117__array_type_infoE) refers to type_info_dtor.o(.constdata__ZTISt9type_info) for typeinfo for std::type_info
    lib_rtti_impl.o(.constdata__ZTIN10__cxxabiv120__function_type_infoE) refers to lib_rtti_impl.o(.constdata__ZTVN10__cxxabiv120__si_class_type_infoE) for vtable for __cxxabiv1::__si_class_type_info
    lib_rtti_impl.o(.constdata__ZTIN10__cxxabiv120__function_type_infoE) refers to lib_rtti_impl.o(.constdata__ZTSN10__cxxabiv120__function_type_infoE) for typeinfo name for __cxxabiv1::__function_type_info
    lib_rtti_impl.o(.constdata__ZTIN10__cxxabiv120__function_type_infoE) refers to type_info_dtor.o(.constdata__ZTISt9type_info) for typeinfo for std::type_info
    lib_rtti_impl.o(.constdata__ZTIN10__cxxabiv116__enum_type_infoE) refers to lib_rtti_impl.o(.constdata__ZTVN10__cxxabiv120__si_class_type_infoE) for vtable for __cxxabiv1::__si_class_type_info
    lib_rtti_impl.o(.constdata__ZTIN10__cxxabiv116__enum_type_infoE) refers to lib_rtti_impl.o(.constdata__ZTSN10__cxxabiv116__enum_type_infoE) for typeinfo name for __cxxabiv1::__enum_type_info
    lib_rtti_impl.o(.constdata__ZTIN10__cxxabiv116__enum_type_infoE) refers to type_info_dtor.o(.constdata__ZTISt9type_info) for typeinfo for std::type_info
    lib_rtti_impl.o(.constdata__ZTIN10__cxxabiv117__class_type_infoE) refers to lib_rtti_impl.o(.constdata__ZTVN10__cxxabiv120__si_class_type_infoE) for vtable for __cxxabiv1::__si_class_type_info
    lib_rtti_impl.o(.constdata__ZTIN10__cxxabiv117__class_type_infoE) refers to lib_rtti_impl.o(.constdata__ZTSN10__cxxabiv117__class_type_infoE) for typeinfo name for __cxxabiv1::__class_type_info
    lib_rtti_impl.o(.constdata__ZTIN10__cxxabiv117__class_type_infoE) refers to type_info_dtor.o(.constdata__ZTISt9type_info) for typeinfo for std::type_info
    lib_rtti_impl.o(.constdata__ZTIN10__cxxabiv120__si_class_type_infoE) refers to lib_rtti_impl.o(.constdata__ZTVN10__cxxabiv120__si_class_type_infoE) for vtable for __cxxabiv1::__si_class_type_info
    lib_rtti_impl.o(.constdata__ZTIN10__cxxabiv120__si_class_type_infoE) refers to lib_rtti_impl.o(.constdata__ZTSN10__cxxabiv120__si_class_type_infoE) for typeinfo name for __cxxabiv1::__si_class_type_info
    lib_rtti_impl.o(.constdata__ZTIN10__cxxabiv120__si_class_type_infoE) refers to lib_rtti_impl.o(.constdata__ZTIN10__cxxabiv117__class_type_infoE) for typeinfo for __cxxabiv1::__class_type_info
    lib_rtti_impl.o(.constdata__ZTIN10__cxxabiv121__vmi_class_type_infoE) refers to lib_rtti_impl.o(.constdata__ZTVN10__cxxabiv120__si_class_type_infoE) for vtable for __cxxabiv1::__si_class_type_info
    lib_rtti_impl.o(.constdata__ZTIN10__cxxabiv121__vmi_class_type_infoE) refers to lib_rtti_impl.o(.constdata__ZTSN10__cxxabiv121__vmi_class_type_infoE) for typeinfo name for __cxxabiv1::__vmi_class_type_info
    lib_rtti_impl.o(.constdata__ZTIN10__cxxabiv121__vmi_class_type_infoE) refers to lib_rtti_impl.o(.constdata__ZTIN10__cxxabiv117__class_type_infoE) for typeinfo for __cxxabiv1::__class_type_info
    lib_rtti_impl.o(.constdata__ZTIN10__cxxabiv117__pbase_type_infoE) refers to lib_rtti_impl.o(.constdata__ZTVN10__cxxabiv120__si_class_type_infoE) for vtable for __cxxabiv1::__si_class_type_info
    lib_rtti_impl.o(.constdata__ZTIN10__cxxabiv117__pbase_type_infoE) refers to lib_rtti_impl.o(.constdata__ZTSN10__cxxabiv117__pbase_type_infoE) for typeinfo name for __cxxabiv1::__pbase_type_info
    lib_rtti_impl.o(.constdata__ZTIN10__cxxabiv117__pbase_type_infoE) refers to type_info_dtor.o(.constdata__ZTISt9type_info) for typeinfo for std::type_info
    lib_rtti_impl.o(.constdata__ZTIN10__cxxabiv119__pointer_type_infoE) refers to lib_rtti_impl.o(.constdata__ZTVN10__cxxabiv120__si_class_type_infoE) for vtable for __cxxabiv1::__si_class_type_info
    lib_rtti_impl.o(.constdata__ZTIN10__cxxabiv119__pointer_type_infoE) refers to lib_rtti_impl.o(.constdata__ZTSN10__cxxabiv119__pointer_type_infoE) for typeinfo name for __cxxabiv1::__pointer_type_info
    lib_rtti_impl.o(.constdata__ZTIN10__cxxabiv119__pointer_type_infoE) refers to lib_rtti_impl.o(.constdata__ZTIN10__cxxabiv117__pbase_type_infoE) for typeinfo for __cxxabiv1::__pbase_type_info
    lib_rtti_impl.o(.constdata__ZTIN10__cxxabiv129__pointer_to_member_type_infoE) refers to lib_rtti_impl.o(.constdata__ZTVN10__cxxabiv120__si_class_type_infoE) for vtable for __cxxabiv1::__si_class_type_info
    lib_rtti_impl.o(.constdata__ZTIN10__cxxabiv129__pointer_to_member_type_infoE) refers to lib_rtti_impl.o(.constdata__ZTSN10__cxxabiv129__pointer_to_member_type_infoE) for typeinfo name for __cxxabiv1::__pointer_to_member_type_info
    lib_rtti_impl.o(.constdata__ZTIN10__cxxabiv129__pointer_to_member_type_infoE) refers to lib_rtti_impl.o(.constdata__ZTIN10__cxxabiv117__pbase_type_infoE) for typeinfo for __cxxabiv1::__pbase_type_info
    lib_rtti_impl.o(i.__ARM_common_noexcept_landing) refers to arm_exceptions_callterm.o(.text) for __cxa_call_terminate
    lib_rtti_impl.o(.ARM.exidx) refers to lib_rtti_impl.o(i.__ARM_common_noexcept_landing) for i.__ARM_common_noexcept_landing
    type_info_dtor.o(.constdata__ZTVSt9type_info) refers to type_info_dtor.o(.constdata__ZTISt9type_info) for typeinfo for std::type_info
    type_info_dtor.o(.constdata__ZTVSt9type_info) refers to type_info_dtor.o(i._ZNSt9type_infoD1Ev) for std::type_info::~type_info()
    type_info_dtor.o(.constdata__ZTVSt9type_info) refers to type_info_dtor.o(i._ZNSt9type_infoD0Ev) for std::type_info::~type_info__deallocating()
    type_info_dtor.o(.constdata__ZTISt9type_info) refers to lib_rtti_impl.o(.constdata__ZTVN10__cxxabiv117__class_type_infoE) for vtable for __cxxabiv1::__class_type_info
    type_info_dtor.o(.constdata__ZTISt9type_info) refers to type_info_dtor.o(.constdata__ZTSSt9type_info) for typeinfo name for std::type_info
    scanf_fp.o(i._is_digit) refers (Special) to iusefp.o(.text) for __I$use$fp


==============================================================================

Removing Unused input sections from the image.

    Removing blinky.o(.rev16_text), (4 bytes).
    Removing blinky.o(.revsh_text), (4 bytes).
    Removing blinky.o(.emb_text), (30 bytes).
    Removing blinky.o(.ARM.exidx), (8 bytes).
    Removing blinky.o(.ARM.exidx), (8 bytes).
    Removing blinky.o(.ARM.exidx), (8 bytes).
    Removing hooks.o(i._Z11sysTickHookv), (4 bytes).
    Removing hooks.o(i._Z5yieldv), (2 bytes).
    Removing hooks.o(i._Z7svcHookv), (2 bytes).
    Removing hooks.o(.ARM.exidx), (8 bytes).
    Removing hooks.o(.ARM.exidx), (8 bytes).
    Removing hooks.o(.ARM.exidx), (8 bytes).
    Removing itoa.o(i.itoa), (8 bytes).
    Removing itoa.o(i.ltoa), (108 bytes).
    Removing itoa.o(i.ultoa), (80 bytes).
    Removing itoa.o(i.utoa), (8 bytes).
    Removing itoa.o(.ARM.exidx), (8 bytes).
    Removing itoa.o(.ARM.exidx), (8 bytes).
    Removing itoa.o(.ARM.exidx), (8 bytes).
    Removing itoa.o(.ARM.exidx), (8 bytes).
    Removing main.o(.rev16_text), (4 bytes).
    Removing main.o(.revsh_text), (4 bytes).
    Removing main.o(.emb_text), (30 bytes).
    Removing main.o(.ARM.exidx), (8 bytes).
    Removing main.o(.ARM.exidx), (8 bytes).
    Removing new.o(i._ZdaPv), (8 bytes).
    Removing new.o(i._ZdlPv), (8 bytes).
    Removing new.o(i._Znaj), (8 bytes).
    Removing new.o(i._Znwj), (8 bytes).
    Removing new.o(.ARM.exidx), (8 bytes).
    Removing new.o(.ARM.exidx), (8 bytes).
    Removing new.o(.ARM.exidx), (8 bytes).
    Removing new.o(.ARM.exidx), (8 bytes).
    Removing print.o(.rev16_text), (4 bytes).
    Removing print.o(.revsh_text), (4 bytes).
    Removing print.o(.emb_text), (30 bytes).
    Removing print.o(i._ZN5Print10printFloatEdh), (328 bytes).
    Removing print.o(i._ZN5Print11printNumberEmh), (74 bytes).
    Removing print.o(i._ZN5Print5printEPK19__FlashStringHelper), (8 bytes).
    Removing print.o(i._ZN5Print5printEPKc), (8 bytes).
    Removing print.o(i._ZN5Print5printERK6String), (46 bytes).
    Removing print.o(i._ZN5Print5printERK9Printable), (12 bytes).
    Removing print.o(i._ZN5Print5printEc), (6 bytes).
    Removing print.o(i._ZN5Print5printEdi), (14 bytes).
    Removing print.o(i._ZN5Print5printEhi), (8 bytes).
    Removing print.o(i._ZN5Print5printEii), (8 bytes).
    Removing print.o(i._ZN5Print5printEji), (8 bytes).
    Removing print.o(i._ZN5Print5printEli), (64 bytes).
    Removing print.o(i._ZN5Print5printEmi), (24 bytes).
    Removing print.o(i._ZN5Print5writeEPKhj), (34 bytes).
    Removing print.o(i._ZN5Print7printlnEPK19__FlashStringHelper), (20 bytes).
    Removing print.o(i._ZN5Print7printlnEPKc), (20 bytes).
    Removing print.o(i._ZN5Print7printlnERK6String), (20 bytes).
    Removing print.o(i._ZN5Print7printlnERK9Printable), (20 bytes).
    Removing print.o(i._ZN5Print7printlnEc), (20 bytes).
    Removing print.o(i._ZN5Print7printlnEdi), (26 bytes).
    Removing print.o(i._ZN5Print7printlnEhi), (20 bytes).
    Removing print.o(i._ZN5Print7printlnEii), (20 bytes).
    Removing print.o(i._ZN5Print7printlnEji), (20 bytes).
    Removing print.o(i._ZN5Print7printlnEli), (20 bytes).
    Removing print.o(i._ZN5Print7printlnEmi), (20 bytes).
    Removing print.o(i._ZN5Print7printlnEv), (24 bytes).
    Removing print.o(.ARM.exidx), (8 bytes).
    Removing print.o(.ARM.exidx), (8 bytes).
    Removing print.o(.ARM.exidx), (8 bytes).
    Removing print.o(.ARM.exidx), (8 bytes).
    Removing print.o(.ARM.exidx), (8 bytes).
    Removing print.o(.ARM.exidx), (8 bytes).
    Removing print.o(.ARM.exidx), (8 bytes).
    Removing print.o(.ARM.exidx), (8 bytes).
    Removing print.o(.ARM.exidx), (8 bytes).
    Removing print.o(.ARM.exidx), (8 bytes).
    Removing print.o(.ARM.exidx), (8 bytes).
    Removing print.o(.ARM.exidx), (8 bytes).
    Removing print.o(.ARM.exidx), (8 bytes).
    Removing print.o(.ARM.exidx), (8 bytes).
    Removing print.o(.ARM.exidx), (8 bytes).
    Removing print.o(.ARM.exidx), (8 bytes).
    Removing print.o(.ARM.exidx), (8 bytes).
    Removing print.o(.ARM.exidx), (8 bytes).
    Removing print.o(.ARM.exidx), (8 bytes).
    Removing print.o(.ARM.exidx), (8 bytes).
    Removing print.o(.ARM.exidx), (8 bytes).
    Removing print.o(.ARM.exidx), (8 bytes).
    Removing print.o(.ARM.exidx), (8 bytes).
    Removing print.o(.ARM.exidx), (8 bytes).
    Removing print.o(.ARM.exidx), (8 bytes).
    Removing print.o(.ARM.exidx), (8 bytes).
    Removing ringbuffer.o(i._ZN10RingBuffer10store_charEh), (22 bytes).
    Removing ringbuffer.o(.ARM.exidx), (8 bytes).
    Removing ringbuffer.o(.ARM.exidx), (8 bytes).
    Removing stream.o(.rev16_text), (4 bytes).
    Removing stream.o(.revsh_text), (4 bytes).
    Removing stream.o(.emb_text), (30 bytes).
    Removing stream.o(i._ZN6Stream10parseFloatEc), (164 bytes).
    Removing stream.o(i._ZN6Stream10parseFloatEv), (10 bytes).
    Removing stream.o(i._ZN6Stream10readStringEv), (40 bytes).
    Removing stream.o(i._ZN6Stream10setTimeoutEm), (4 bytes).
    Removing stream.o(i._ZN6Stream13peekNextDigitEv), (38 bytes).
    Removing stream.o(i._ZN6Stream14readBytesUntilEcPcj), (50 bytes).
    Removing stream.o(i._ZN6Stream15readStringUntilEc), (44 bytes).
    Removing stream.o(i._ZN6Stream4findEPc), (36 bytes).
    Removing stream.o(i._ZN6Stream4findEPcj), (12 bytes).
    Removing stream.o(i._ZN6Stream8parseIntEc), (86 bytes).
    Removing stream.o(i._ZN6Stream8parseIntEv), (10 bytes).
    Removing stream.o(i._ZN6Stream9findUntilEPcS0_), (38 bytes).
    Removing stream.o(i._ZN6Stream9findUntilEPcjS0_j), (84 bytes).
    Removing stream.o(i._ZN6Stream9readBytesEPcj), (36 bytes).
    Removing stream.o(i._ZN6Stream9timedPeekEv), (42 bytes).
    Removing stream.o(i._ZN6Stream9timedReadEv), (42 bytes).
    Removing stream.o(.ARM.exidx), (8 bytes).
    Removing stream.o(.ARM.exidx), (8 bytes).
    Removing stream.o(.ARM.exidx), (8 bytes).
    Removing stream.o(.ARM.exidx), (8 bytes).
    Removing stream.o(.ARM.exidx), (8 bytes).
    Removing stream.o(.ARM.exidx), (8 bytes).
    Removing stream.o(.ARM.exidx), (8 bytes).
    Removing stream.o(.ARM.exidx), (8 bytes).
    Removing stream.o(.ARM.exidx), (8 bytes).
    Removing stream.o(.ARM.exidx), (8 bytes).
    Removing stream.o(.ARM.exidx), (8 bytes).
    Removing stream.o(.ARM.exidx), (8 bytes).
    Removing stream.o(.ARM.exidx), (8 bytes).
    Removing stream.o(.ARM.exidx), (8 bytes).
    Removing stream.o(.ARM.exidx), (8 bytes).
    Removing stream.o(.ARM.exidx), (8 bytes).
    Removing tone.o(.rev16_text), (4 bytes).
    Removing tone.o(.revsh_text), (4 bytes).
    Removing tone.o(.emb_text), (30 bytes).
    Removing tone.o(i._Z14TIMER2_handlerv), (44 bytes).
    Removing tone.o(i._Z4tonejt), (10 bytes).
    Removing tone.o(i._Z4tonejtj), (336 bytes).
    Removing tone.o(i._Z6noTonej), (88 bytes).
    Removing tone.o(.ARM.exidx), (8 bytes).
    Removing tone.o(.ARM.exidx), (8 bytes).
    Removing tone.o(.ARM.exidx), (8 bytes).
    Removing tone.o(.ARM.exidx), (8 bytes).
    Removing tone.o(.data), (12 bytes).
    Removing uartclass.o(.rev16_text), (4 bytes).
    Removing uartclass.o(.revsh_text), (4 bytes).
    Removing uartclass.o(.emb_text), (30 bytes).
    Removing uartclass.o(i._ZN9UARTClass10IrqHandlerEv), (48 bytes).
    Removing uartclass.o(i._ZN9UARTClass10irq_attachEPFvvE), (4 bytes).
    Removing uartclass.o(i._ZN9UARTClass3endEv), (16 bytes).
    Removing uartclass.o(i._ZN9UARTClass4peekEv), (20 bytes).
    Removing uartclass.o(i._ZN9UARTClass4readEv), (28 bytes).
    Removing uartclass.o(i._ZN9UARTClass5beginEj), (14 bytes).
    Removing uartclass.o(i._ZN9UARTClass5beginEjjj), (32 bytes).
    Removing uartclass.o(i._ZN9UARTClass5flushEv), (8 bytes).
    Removing uartclass.o(i._ZN9UARTClass5writeEh), (12 bytes).
    Removing uartclass.o(i._ZN9UARTClass9availableEv), (14 bytes).
    Removing uartclass.o(.ARM.exidx), (8 bytes).
    Removing uartclass.o(.ARM.exidx), (8 bytes).
    Removing uartclass.o(.ARM.exidx), (8 bytes).
    Removing uartclass.o(.ARM.exidx), (8 bytes).
    Removing uartclass.o(.ARM.exidx), (8 bytes).
    Removing uartclass.o(.ARM.exidx), (8 bytes).
    Removing uartclass.o(.ARM.exidx), (8 bytes).
    Removing uartclass.o(.ARM.exidx), (8 bytes).
    Removing uartclass.o(.ARM.exidx), (8 bytes).
    Removing uartclass.o(.ARM.exidx), (8 bytes).
    Removing uartclass.o(.ARM.exidx), (8 bytes).
    Removing winterrupts.o(.rev16_text), (4 bytes).
    Removing winterrupts.o(.revsh_text), (4 bytes).
    Removing winterrupts.o(.emb_text), (30 bytes).
    Removing winterrupts.o(i.LinkInterrupt), (2 bytes).
    Removing winterrupts.o(i._Z14GPIOTE_handlerv), (120 bytes).
    Removing winterrupts.o(i._Z20delay_ex_interrupterj), (30 bytes).
    Removing winterrupts.o(i.attachInterrupt), (420 bytes).
    Removing winterrupts.o(i.detachInterrupt), (116 bytes).
    Removing winterrupts.o(.ARM.exidx), (8 bytes).
    Removing winterrupts.o(.ARM.exidx), (8 bytes).
    Removing winterrupts.o(.ARM.exidx), (8 bytes).
    Removing winterrupts.o(.ARM.exidx), (8 bytes).
    Removing winterrupts.o(.ARM.exidx), (8 bytes).
    Removing winterrupts.o(.ARM.exidx), (8 bytes).
    Removing winterrupts.o(.bss), (16 bytes).
    Removing winterrupts.o(.data), (24 bytes).
    Removing wiring.o(.rev16_text), (4 bytes).
    Removing wiring.o(.revsh_text), (4 bytes).
    Removing wiring.o(.emb_text), (30 bytes).
    Removing wiring.o(i.delayMicroseconds), (8 bytes).
    Removing wiring.o(i.micros), (8 bytes).
    Removing wiring.o(i.micros64), (48 bytes).
    Removing wiring.o(i.millis), (8 bytes).
    Removing wiring.o(i.millis64), (48 bytes).
    Removing wiring.o(i.rtc_timer_init), (92 bytes).
    Removing wiring.o(i.rtc_timout_timer_handle), (2 bytes).
    Removing wiring.o(i.timer_error_check), (32 bytes).
    Removing wiring.o(.ARM.exidx), (8 bytes).
    Removing wiring.o(.ARM.exidx), (8 bytes).
    Removing wiring.o(.ARM.exidx), (8 bytes).
    Removing wiring.o(.ARM.exidx), (8 bytes).
    Removing wiring.o(.ARM.exidx), (8 bytes).
    Removing wiring.o(.ARM.exidx), (8 bytes).
    Removing wiring.o(.ARM.exidx), (8 bytes).
    Removing wiring.o(.ARM.exidx), (8 bytes).
    Removing wiring.o(.ARM.exidx), (8 bytes).
    Removing wiring.o(.bss), (616 bytes).
    Removing wiring.o(.data), (16 bytes).
    Removing wiring_analog.o(.rev16_text), (4 bytes).
    Removing wiring_analog.o(.revsh_text), (4 bytes).
    Removing wiring_analog.o(.emb_text), (30 bytes).
    Removing wiring_analog.o(i.GPIOTE_Channel_Find), (28 bytes).
    Removing wiring_analog.o(i.GPIOTE_Channel_Set), (12 bytes).
    Removing wiring_analog.o(i.PPI_ON_TIMER_GPIO), (116 bytes).
    Removing wiring_analog.o(i._Z14TIMER1_handlerv), (160 bytes).
    Removing wiring_analog.o(i._Z16update_PWM_valuejjj), (64 bytes).
    Removing wiring_analog.o(i._Z21conversion_Resolutionjjj), (20 bytes).
    Removing wiring_analog.o(i._Z22nrf_gpiote_task_configjj21nrf_gpiote_polarity_t20nrf_gpiote_outinit_t), (88 bytes).
    Removing wiring_analog.o(i.analogInpselType), (32 bytes).
    Removing wiring_analog.o(i.analogRead), (116 bytes).
    Removing wiring_analog.o(i.analogReadResolution), (16 bytes).
    Removing wiring_analog.o(i.analogReference), (36 bytes).
    Removing wiring_analog.o(i.analogWrite), (608 bytes).
    Removing wiring_analog.o(i.analogWriteResolution), (16 bytes).
    Removing wiring_analog.o(i.find_free_PPI_channel), (48 bytes).
    Removing wiring_analog.o(.ARM.exidx), (8 bytes).
    Removing wiring_analog.o(.ARM.exidx), (8 bytes).
    Removing wiring_analog.o(.ARM.exidx), (8 bytes).
    Removing wiring_analog.o(.ARM.exidx), (8 bytes).
    Removing wiring_analog.o(.ARM.exidx), (8 bytes).
    Removing wiring_analog.o(.ARM.exidx), (8 bytes).
    Removing wiring_analog.o(.ARM.exidx), (8 bytes).
    Removing wiring_analog.o(.ARM.exidx), (8 bytes).
    Removing wiring_analog.o(.ARM.exidx), (8 bytes).
    Removing wiring_analog.o(.ARM.exidx), (8 bytes).
    Removing wiring_analog.o(.ARM.exidx), (8 bytes).
    Removing wiring_analog.o(.ARM.exidx), (8 bytes).
    Removing wiring_analog.o(.ARM.exidx), (8 bytes).
    Removing wiring_analog.o(.ARM.exidx), (8 bytes).
    Removing wiring_analog.o(.ARM.exidx), (8 bytes).
    Removing wiring_analog.o(.ARM.exidx), (8 bytes).
    Removing wiring_digital.o(.rev16_text), (4 bytes).
    Removing wiring_digital.o(.revsh_text), (4 bytes).
    Removing wiring_digital.o(.emb_text), (30 bytes).
    Removing wiring_digital.o(i.digitalRead), (36 bytes).
    Removing wiring_digital.o(.ARM.exidx), (8 bytes).
    Removing wiring_digital.o(.ARM.exidx), (8 bytes).
    Removing wiring_digital.o(.ARM.exidx), (8 bytes).
    Removing wiring_pulse.o(.rev16_text), (4 bytes).
    Removing wiring_pulse.o(.revsh_text), (4 bytes).
    Removing wiring_pulse.o(.emb_text), (30 bytes).
    Removing wiring_pulse.o(i.pulseIn), (112 bytes).
    Removing wiring_pulse.o(.ARM.exidx), (8 bytes).
    Removing wiring_shift.o(.rev16_text), (4 bytes).
    Removing wiring_shift.o(.revsh_text), (4 bytes).
    Removing wiring_shift.o(.emb_text), (30 bytes).
    Removing wiring_shift.o(i.shiftIn), (64 bytes).
    Removing wiring_shift.o(i.shiftOut), (74 bytes).
    Removing wiring_shift.o(.ARM.exidx), (8 bytes).
    Removing wiring_shift.o(.ARM.exidx), (8 bytes).
    Removing wmath.o(i._Z10randomSeedj), (12 bytes).
    Removing wmath.o(i._Z3maplllll), (22 bytes).
    Removing wmath.o(i._Z6randoml), (24 bytes).
    Removing wmath.o(i._Z6randomll), (18 bytes).
    Removing wmath.o(i._Z8makeWordhh), (6 bytes).
    Removing wmath.o(i._Z8makeWordt), (2 bytes).
    Removing wmath.o(.ARM.exidx), (8 bytes).
    Removing wmath.o(.ARM.exidx), (8 bytes).
    Removing wmath.o(.ARM.exidx), (8 bytes).
    Removing wmath.o(.ARM.exidx), (8 bytes).
    Removing wmath.o(.ARM.exidx), (8 bytes).
    Removing wmath.o(.ARM.exidx), (8 bytes).
    Removing wstring.o(i._ZN6String10invalidateEv), (24 bytes).
    Removing wstring.o(i._ZN6String11toLowerCaseEv), (26 bytes).
    Removing wstring.o(i._ZN6String11toUpperCaseEv), (26 bytes).
    Removing wstring.o(i._ZN6String12changeBufferEj), (24 bytes).
    Removing wstring.o(i._ZN6String4copyEPKcj), (40 bytes).
    Removing wstring.o(i._ZN6String4trimEv), (80 bytes).
    Removing wstring.o(i._ZN6String6concatEPKc), (30 bytes).
    Removing wstring.o(i._ZN6String6concatEPKcj), (52 bytes).
    Removing wstring.o(i._ZN6String6concatERKS_), (12 bytes).
    Removing wstring.o(i._ZN6String6concatEc), (20 bytes).
    Removing wstring.o(i._ZN6String6concatEd), (44 bytes).
    Removing wstring.o(i._ZN6String6concatEf), (44 bytes).
    Removing wstring.o(i._ZN6String6concatEh), (34 bytes).
    Removing wstring.o(i._ZN6String6concatEi), (36 bytes).
    Removing wstring.o(i._ZN6String6concatEj), (36 bytes).
    Removing wstring.o(i._ZN6String6concatEl), (36 bytes).
    Removing wstring.o(i._ZN6String6concatEm), (36 bytes).
    Removing wstring.o(i._ZN6String6removeEj), (12 bytes).
    Removing wstring.o(i._ZN6String6removeEjj), (54 bytes).
    Removing wstring.o(i._ZN6String7replaceERKS_S1_), (268 bytes).
    Removing wstring.o(i._ZN6String7replaceEcc), (24 bytes).
    Removing wstring.o(i._ZN6String7reserveEj), (40 bytes).
    Removing wstring.o(i._ZN6String9setCharAtEjc), (12 bytes).
    Removing wstring.o(i._ZN6StringC1EPKc), (34 bytes).
    Removing wstring.o(i._ZN6StringC1ERKS_), (22 bytes).
    Removing wstring.o(i._ZN6StringC1Ec), (30 bytes).
    Removing wstring.o(i._ZN6StringC1Edh), (48 bytes).
    Removing wstring.o(i._ZN6StringC1Efh), (48 bytes).
    Removing wstring.o(i._ZN6StringC1Ehh), (34 bytes).
    Removing wstring.o(i._ZN6StringC1Eih), (38 bytes).
    Removing wstring.o(i._ZN6StringC1Ejh), (38 bytes).
    Removing wstring.o(i._ZN6StringC1Elh), (38 bytes).
    Removing wstring.o(i._ZN6StringC1Emh), (38 bytes).
    Removing wstring.o(i._ZN6StringD1Ev), (14 bytes).
    Removing wstring.o(i._ZN6StringaSEPKc), (34 bytes).
    Removing wstring.o(i._ZN6StringaSERKS_), (36 bytes).
    Removing wstring.o(i._ZN6StringixEj), (32 bytes).
    Removing wstring.o(i._ZNK6String10startsWithERKS_), (22 bytes).
    Removing wstring.o(i._ZNK6String10startsWithERKS_j), (44 bytes).
    Removing wstring.o(i._ZNK6String11lastIndexOfERKS_), (14 bytes).
    Removing wstring.o(i._ZNK6String11lastIndexOfERKS_j), (72 bytes).
    Removing wstring.o(i._ZNK6String11lastIndexOfEc), (12 bytes).
    Removing wstring.o(i._ZNK6String11lastIndexOfEcj), (48 bytes).
    Removing wstring.o(i._ZNK6String16equalsIgnoreCaseERKS_), (58 bytes).
    Removing wstring.o(i._ZNK6String5toIntEv), (14 bytes).
    Removing wstring.o(i._ZNK6String6charAtEj), (8 bytes).
    Removing wstring.o(i._ZNK6String6equalsEPKc), (42 bytes).
    Removing wstring.o(i._ZNK6String6equalsERKS_), (26 bytes).
    Removing wstring.o(i._ZNK6String7indexOfERKS_), (10 bytes).
    Removing wstring.o(i._ZNK6String7indexOfERKS_j), (38 bytes).
    Removing wstring.o(i._ZNK6String7indexOfEc), (10 bytes).
    Removing wstring.o(i._ZNK6String7indexOfEcj), (36 bytes).
    Removing wstring.o(i._ZNK6String7toFloatEv), (18 bytes).
    Removing wstring.o(i._ZNK6String8endsWithERKS_), (42 bytes).
    Removing wstring.o(i._ZNK6String8getBytesEPhjj), (50 bytes).
    Removing wstring.o(i._ZNK6String9compareToERKS_), (58 bytes).
    Removing wstring.o(i._ZNK6String9substringEjj), (60 bytes).
    Removing wstring.o(i._ZNK6StringgeERKS_), (12 bytes).
    Removing wstring.o(i._ZNK6StringgtERKS_), (18 bytes).
    Removing wstring.o(i._ZNK6StringixEj), (20 bytes).
    Removing wstring.o(i._ZNK6StringleERKS_), (18 bytes).
    Removing wstring.o(i._ZNK6StringltERKS_), (10 bytes).
    Removing wstring.o(i._ZplRK15StringSumHelperPKc), (38 bytes).
    Removing wstring.o(i._ZplRK15StringSumHelperRK6String), (26 bytes).
    Removing wstring.o(i._ZplRK15StringSumHelperc), (22 bytes).
    Removing wstring.o(i._ZplRK15StringSumHelperd), (22 bytes).
    Removing wstring.o(i._ZplRK15StringSumHelperf), (22 bytes).
    Removing wstring.o(i._ZplRK15StringSumHelperh), (22 bytes).
    Removing wstring.o(i._ZplRK15StringSumHelperi), (22 bytes).
    Removing wstring.o(i._ZplRK15StringSumHelperj), (22 bytes).
    Removing wstring.o(i._ZplRK15StringSumHelperl), (22 bytes).
    Removing wstring.o(i._ZplRK15StringSumHelperm), (22 bytes).
    Removing wstring.o(.ARM.exidx), (8 bytes).
    Removing wstring.o(.ARM.exidx), (8 bytes).
    Removing wstring.o(.ARM.exidx), (8 bytes).
    Removing wstring.o(.ARM.exidx), (8 bytes).
    Removing wstring.o(.ARM.exidx), (8 bytes).
    Removing wstring.o(.ARM.exidx), (8 bytes).
    Removing wstring.o(.ARM.exidx), (8 bytes).
    Removing wstring.o(.ARM.exidx), (8 bytes).
    Removing wstring.o(.ARM.exidx), (8 bytes).
    Removing wstring.o(.ARM.exidx), (8 bytes).
    Removing wstring.o(.ARM.exidx), (8 bytes).
    Removing wstring.o(.ARM.exidx), (8 bytes).
    Removing wstring.o(.ARM.exidx), (8 bytes).
    Removing wstring.o(.ARM.exidx), (8 bytes).
    Removing wstring.o(.ARM.exidx), (8 bytes).
    Removing wstring.o(.ARM.exidx), (8 bytes).
    Removing wstring.o(.ARM.exidx), (8 bytes).
    Removing wstring.o(.ARM.exidx), (8 bytes).
    Removing wstring.o(.ARM.exidx), (8 bytes).
    Removing wstring.o(.ARM.exidx), (8 bytes).
    Removing wstring.o(.ARM.exidx), (8 bytes).
    Removing wstring.o(.ARM.exidx), (8 bytes).
    Removing wstring.o(.ARM.exidx), (8 bytes).
    Removing wstring.o(.ARM.exidx), (8 bytes).
    Removing wstring.o(.ARM.exidx), (8 bytes).
    Removing wstring.o(.ARM.exidx), (8 bytes).
    Removing wstring.o(.ARM.exidx), (8 bytes).
    Removing wstring.o(.ARM.exidx), (8 bytes).
    Removing wstring.o(.ARM.exidx), (8 bytes).
    Removing wstring.o(.ARM.exidx), (8 bytes).
    Removing wstring.o(.ARM.exidx), (8 bytes).
    Removing wstring.o(.ARM.exidx), (8 bytes).
    Removing wstring.o(.ARM.exidx), (8 bytes).
    Removing wstring.o(.ARM.exidx), (8 bytes).
    Removing wstring.o(.ARM.exidx), (8 bytes).
    Removing wstring.o(.ARM.exidx), (8 bytes).
    Removing wstring.o(.ARM.exidx), (8 bytes).
    Removing wstring.o(.ARM.exidx), (8 bytes).
    Removing wstring.o(.ARM.exidx), (8 bytes).
    Removing wstring.o(.ARM.exidx), (8 bytes).
    Removing wstring.o(.ARM.exidx), (8 bytes).
    Removing wstring.o(.ARM.exidx), (8 bytes).
    Removing wstring.o(.ARM.exidx), (8 bytes).
    Removing wstring.o(.ARM.exidx), (8 bytes).
    Removing wstring.o(.ARM.exidx), (8 bytes).
    Removing wstring.o(.ARM.exidx), (8 bytes).
    Removing wstring.o(.ARM.exidx), (8 bytes).
    Removing wstring.o(.ARM.exidx), (8 bytes).
    Removing wstring.o(.ARM.exidx), (8 bytes).
    Removing wstring.o(.ARM.exidx), (8 bytes).
    Removing wstring.o(.ARM.exidx), (8 bytes).
    Removing wstring.o(.ARM.exidx), (8 bytes).
    Removing wstring.o(.ARM.exidx), (8 bytes).
    Removing wstring.o(.ARM.exidx), (8 bytes).
    Removing wstring.o(.ARM.exidx), (8 bytes).
    Removing wstring.o(.ARM.exidx), (8 bytes).
    Removing wstring.o(.ARM.exidx), (8 bytes).
    Removing wstring.o(.ARM.exidx), (8 bytes).
    Removing wstring.o(.ARM.exidx), (8 bytes).
    Removing wstring.o(.ARM.exidx), (8 bytes).
    Removing wstring.o(.ARM.exidx), (8 bytes).
    Removing wstring.o(.ARM.exidx), (8 bytes).
    Removing wstring.o(.ARM.exidx), (8 bytes).
    Removing wstring.o(.ARM.exidx), (8 bytes).
    Removing wstring.o(.ARM.exidx), (8 bytes).
    Removing wstring.o(.ARM.exidx), (8 bytes).
    Removing wstring.o(.ARM.exidx), (8 bytes).
    Removing wstring.o(.ARM.exidx), (8 bytes).
    Removing wstring.o(.ARM.exidx), (8 bytes).
    Removing wstring.o(.ARM.exidx), (8 bytes).
    Removing wstring.o(.ARM.exidx), (8 bytes).
    Removing wstring.o(.ARM.exidx), (8 bytes).
    Removing wstring.o(.data), (1 bytes).
    Removing wuart.o(.rev16_text), (4 bytes).
    Removing wuart.o(.revsh_text), (4 bytes).
    Removing wuart.o(.emb_text), (30 bytes).
    Removing wuart.o(i._Z10UART0_Stopv), (72 bytes).
    Removing wuart.o(i._Z11UART0_Startjjj), (388 bytes).
    Removing wuart.o(i._Z13UART0_handlerv), (16 bytes).
    Removing wuart.o(i._Z16UART0_ReadRXDatev), (12 bytes).
    Removing wuart.o(i._Z17UART0_ReadRXStatev), (12 bytes).
    Removing wuart.o(i._Z18UART0_CheckRXErrorv), (36 bytes).
    Removing wuart.o(i._Z18UART0_ClearRXStatev), (12 bytes).
    Removing wuart.o(i._Z18UART0_WaitTXFinishv), (28 bytes).
    Removing wuart.o(i._Z8UART0_RXv), (40 bytes).
    Removing wuart.o(i._Z8UART0_TXh), (48 bytes).
    Removing wuart.o(.ARM.exidx), (8 bytes).
    Removing wuart.o(.ARM.exidx), (8 bytes).
    Removing wuart.o(.ARM.exidx), (8 bytes).
    Removing wuart.o(.ARM.exidx), (8 bytes).
    Removing wuart.o(.ARM.exidx), (8 bytes).
    Removing wuart.o(.ARM.exidx), (8 bytes).
    Removing wuart.o(.ARM.exidx), (8 bytes).
    Removing wuart.o(.ARM.exidx), (8 bytes).
    Removing wuart.o(.ARM.exidx), (8 bytes).
    Removing wuart.o(.ARM.exidx), (8 bytes).
    Removing wuart.o(.ARM.exidx), (8 bytes).
    Removing wuart.o(.data), (1 bytes).
    Removing dtoa.o(i.dtoa), (48 bytes).
    Removing dtoa.o(.ARM.exidx), (8 bytes).
    Removing app_error_check.o(.rev16_text), (4 bytes).
    Removing app_error_check.o(.revsh_text), (4 bytes).
    Removing app_error_check.o(.emb_text), (30 bytes).
    Removing app_error_check.o(i._Z17app_error_handlerjjPKh), (24 bytes).
    Removing app_error_check.o(.ARM.exidx), (8 bytes).
    Removing pin_transform.o(.rev16_text), (4 bytes).
    Removing pin_transform.o(.revsh_text), (4 bytes).
    Removing pin_transform.o(.emb_text), (30 bytes).
    Removing pin_transform.o(.ARM.exidx), (8 bytes).
    Removing variant.o(.rev16_text), (4 bytes).
    Removing variant.o(.revsh_text), (4 bytes).
    Removing variant.o(.emb_text), (30 bytes).
    Removing variant.o(.ARM.exidx), (8 bytes).
    Removing variant.o(.ARM.exidx), (8 bytes).
    Removing arm_startup_nrf51.o(HEAP), (2048 bytes).
    Removing system_nrf51.o(.rev16_text), (4 bytes).
    Removing system_nrf51.o(.revsh_text), (4 bytes).
    Removing system_nrf51.o(i.SystemCoreClockUpdate), (16 bytes).
    Removing system_nrf51.o(.ARM.exidx), (8 bytes).
    Removing system_nrf51.o(.ARM.exidx), (8 bytes).
    Removing system_nrf51.o(.ARM.exidx), (8 bytes).
    Removing nrf_delay.o(.rev16_text), (4 bytes).
    Removing nrf_delay.o(.revsh_text), (4 bytes).
    Removing nrf_delay.o(.ARM.exidx), (8 bytes).
    Removing app_error.o(.rev16_text), (4 bytes).
    Removing app_error.o(.revsh_text), (4 bytes).
    Removing app_error.o(i._Z17app_error_handlerjjPKh), (24 bytes).
    Removing app_error.o(.ARM.exidx), (8 bytes).
    Removing app_scheduler.o(.rev16_text), (4 bytes).
    Removing app_scheduler.o(.revsh_text), (4 bytes).
    Removing app_scheduler.o(i._Z14app_sched_initttPv), (44 bytes).
    Removing app_scheduler.o(i._Z17app_sched_executev), (30 bytes).
    Removing app_scheduler.o(i._Z19app_sched_event_getPPvPtPPFvS_tE), (68 bytes).
    Removing app_scheduler.o(i._Z19app_sched_event_putPvtPFvS_tE), (136 bytes).
    Removing app_scheduler.o(.ARM.exidx), (8 bytes).
    Removing app_scheduler.o(.ARM.exidx), (8 bytes).
    Removing app_scheduler.o(.ARM.exidx), (8 bytes).
    Removing app_scheduler.o(.ARM.exidx), (8 bytes).
    Removing app_scheduler.o(.data), (16 bytes).
    Removing app_timer.o(.rev16_text), (4 bytes).
    Removing app_timer.o(.revsh_text), (4 bytes).
    Removing app_timer.o(.emb_text), (30 bytes).
    Removing app_timer.o(i._Z11user_id_getv), (84 bytes).
    Removing app_timer.o(i._Z13user_op_allocP12timer_user_tPj), (36 bytes).
    Removing app_timer.o(i._Z14app_timer_initjhhPvPFjPFvS_ES_E), (176 bytes).
    Removing app_timer.o(i._Z14app_timer_stopj), (88 bytes).
    Removing app_timer.o(i._Z15RTC1_IRQHandlerv), (32 bytes).
    Removing app_timer.o(i._Z15SWI0_IRQHandlerv), (84 bytes).
    Removing app_timer.o(i._Z15app_timer_startjjPv), (132 bytes).
    Removing app_timer.o(i._Z16NVIC_SetPriority9IRQn_Typej), (68 bytes).
    Removing app_timer.o(i._Z16app_timer_createPj16app_timer_mode_tPFvPvE), (76 bytes).
    Removing app_timer.o(i._Z17app_timer_cnt_getPj), (16 bytes).
    Removing app_timer.o(i._Z17timer_list_insertj), (100 bytes).
    Removing app_timer.o(i._Z17timer_list_removej), (112 bytes).
    Removing app_timer.o(i._Z18app_timer_stop_allv), (68 bytes).
    Removing app_timer.o(i._Z18compare_reg_updatej), (164 bytes).
    Removing app_timer.o(i._Z20timer_timeouts_checkv), (128 bytes).
    Removing app_timer.o(i._Z21elapsed_ticks_acquirePj), (64 bytes).
    Removing app_timer.o(i._Z22expired_timers_handlerjjPj), (88 bytes).
    Removing app_timer.o(i._Z22list_deletions_handlerv), (148 bytes).
    Removing app_timer.o(i._Z23list_insertions_handlerj), (240 bytes).
    Removing app_timer.o(i._Z24timer_list_handler_schedv), (16 bytes).
    Removing app_timer.o(i._Z26app_timer_cnt_diff_computejjPj), (12 bytes).
    Removing app_timer.o(i._Z9rtc1_stopv), (68 bytes).
    Removing app_timer.o(.ARM.exidx), (8 bytes).
    Removing app_timer.o(.ARM.exidx), (8 bytes).
    Removing app_timer.o(.ARM.exidx), (8 bytes).
    Removing app_timer.o(.ARM.exidx), (8 bytes).
    Removing app_timer.o(.ARM.exidx), (8 bytes).
    Removing app_timer.o(.ARM.exidx), (8 bytes).
    Removing app_timer.o(.ARM.exidx), (8 bytes).
    Removing app_timer.o(.ARM.exidx), (8 bytes).
    Removing app_timer.o(.ARM.exidx), (8 bytes).
    Removing app_timer.o(.ARM.exidx), (8 bytes).
    Removing app_timer.o(.ARM.exidx), (8 bytes).
    Removing app_timer.o(.ARM.exidx), (8 bytes).
    Removing app_timer.o(.ARM.exidx), (8 bytes).
    Removing app_timer.o(.ARM.exidx), (8 bytes).
    Removing app_timer.o(.ARM.exidx), (8 bytes).
    Removing app_timer.o(.ARM.exidx), (8 bytes).
    Removing app_timer.o(.ARM.exidx), (8 bytes).
    Removing app_timer.o(.ARM.exidx), (8 bytes).
    Removing app_timer.o(.ARM.exidx), (8 bytes).
    Removing app_timer.o(.ARM.exidx), (8 bytes).
    Removing app_timer.o(.ARM.exidx), (8 bytes).
    Removing app_timer.o(.ARM.exidx), (8 bytes).
    Removing app_timer.o(.data), (36 bytes).
    Removing app_util_platform.o(.rev16_text), (4 bytes).
    Removing app_util_platform.o(.revsh_text), (4 bytes).
    Removing app_util_platform.o(i._Z20critical_region_exitv), (20 bytes).
    Removing app_util_platform.o(i._Z21critical_region_enterv), (16 bytes).
    Removing app_util_platform.o(.ARM.exidx), (8 bytes).
    Removing app_util_platform.o(.ARM.exidx), (8 bytes).
    Removing app_util_platform.o(.data), (4 bytes).
    Removing fadd.o(.text), (178 bytes).
    Removing fmul.o(.text), (122 bytes).
    Removing dadd.o(.text), (356 bytes).
    Removing dmul.o(.text), (208 bytes).
    Removing ddiv.o(.text), (240 bytes).
    Removing fflti.o(.text), (22 bytes).
    Removing dflti.o(.text), (40 bytes).
    Removing dfltui.o(.text), (28 bytes).
    Removing ffixui.o(.text), (40 bytes).
    Removing dfixi.o(.text), (72 bytes).
    Removing dfixui.o(.text), (60 bytes).
    Removing f2d.o(.text), (40 bytes).
    Removing cdcmple.o(.text), (40 bytes).
    Removing cdrcmple.o(.text), (40 bytes).
    Removing d2f.o(.text), (56 bytes).
    Removing fepilogue.o(.text), (130 bytes).
    Removing fdiv.o(.text), (124 bytes).
    Removing fscalb.o(.text), (24 bytes).
    Removing depilogue.o(.text), (190 bytes).
    Removing dfixul.o(.text), (64 bytes).
    Removing ffixir.o(.text), (76 bytes).
    Removing fpstat.o(.text), (4 bytes).
    Removing dfltul.o(.text), (28 bytes).
    Removing print.o(i._ZN5Print5writeEPKc), (30 bytes).
    Removing print.o(.ARM.exidx), (8 bytes).
    Removing uartclass.o(i._ZN9UARTClasscvbEv), (4 bytes).
    Removing uartclass.o(.ARM.exidx), (8 bytes).
    Removing uartclass.o(.constdata__ZTI9UARTClass), (12 bytes).
    Removing uartclass.o(.constdata__ZTI14HardwareSerial), (12 bytes).
    Removing uartclass.o(.constdata__ZTS9UARTClass), (11 bytes).
    Removing uartclass.o(.constdata__ZTI6Stream), (12 bytes).
    Removing uartclass.o(.constdata__ZTS14HardwareSerial), (17 bytes).
    Removing uartclass.o(.constdata__ZTI5Print), (8 bytes).
    Removing uartclass.o(.constdata__ZTS6Stream), (8 bytes).
    Removing uartclass.o(.constdata__ZTS5Print), (7 bytes).
    Removing wiring_digital.o(.ARM.exidx), (8 bytes).
    Removing wstring.o(i._ZN6String4initEv), (10 bytes).
    Removing wstring.o(.ARM.exidx), (8 bytes).
    Removing wstring.o(i._ZSt6strstrPcPKc), (8 bytes).
    Removing wstring.o(.ARM.exidx), (8 bytes).
    Removing depilogue.o(i.__ARM_clz), (46 bytes).

571 unused section(s) (total 18611 bytes) removed from the image.

==============================================================================

Image Symbol Table

    Local Symbols

    Symbol Name                              Value     Ov Type        Size  Object(Section)

    RESET                                    0x00000000   Section      192  arm_startup_nrf51.o(RESET)
    ../../../edgfe/lib_src/arm_exceptions.c  0x00000000   Number         0  arm_exceptions_callterm.o ABSOLUTE
    ../../../edgfe/lib_src/arm_exceptions.c  0x00000000   Number         0  arm_exceptions_mem.o ABSOLUTE
    ../../../edgfe/lib_src/arm_exceptions.c  0x00000000   Number         0  arm_exceptions_globs.o ABSOLUTE
    ../../../edgfe/lib_src/arm_exceptions.c  0x00000000   Number         0  arm_exceptions_support.o ABSOLUTE
    ../../../edgfe/lib_src/arm_exceptions.c  0x00000000   Number         0  arm_exceptions_terminate.o ABSOLUTE
    ../../../edgfe/lib_src/arm_noexceptions.c 0x00000000   Number         0  arm_begincatch_noexceptions.o ABSOLUTE
    ../../../edgfe/lib_src/typeinfo.c        0x00000000   Number         0  lib_rtti_impl.o ABSOLUTE
    ../../../edgfe/lib_src/typeinfo.c        0x00000000   Number         0  type_info_dtor.o ABSOLUTE
    ../clib/microlib/cpp/cpp_init.c          0x00000000   Number         0  cpp_init.o ABSOLUTE
    ../clib/microlib/cpp/cpp_init.c          0x00000000   Number         0  cpp_init.o ABSOLUTE
    ../clib/microlib/cpp/cpp_unwinder.c      0x00000000   Number         0  cpp_unwinder.o ABSOLUTE
    ../clib/microlib/ctype/ctype.c           0x00000000   Number         0  isgraph_o.o ABSOLUTE
    ../clib/microlib/ctype/ctype.c           0x00000000   Number         0  isalnum_o.o ABSOLUTE
    ../clib/microlib/ctype/ctype.c           0x00000000   Number         0  ctype_o.o ABSOLUTE
    ../clib/microlib/ctype/ctype.c           0x00000000   Number         0  isxdigit_o.o ABSOLUTE
    ../clib/microlib/ctype/ctype.c           0x00000000   Number         0  ctype_c.o ABSOLUTE
    ../clib/microlib/ctype/ctype.c           0x00000000   Number         0  isspace_c.o ABSOLUTE
    ../clib/microlib/ctype/ctype.c           0x00000000   Number         0  isupper_o.o ABSOLUTE
    ../clib/microlib/ctype/ctype.c           0x00000000   Number         0  isspace_o.o ABSOLUTE
    ../clib/microlib/ctype/ctype.c           0x00000000   Number         0  ispunct_o.o ABSOLUTE
    ../clib/microlib/ctype/ctype.c           0x00000000   Number         0  isprint_o.o ABSOLUTE
    ../clib/microlib/ctype/ctype.c           0x00000000   Number         0  islower_o.o ABSOLUTE
    ../clib/microlib/ctype/ctype.c           0x00000000   Number         0  isdigit_o.o ABSOLUTE
    ../clib/microlib/ctype/ctype.c           0x00000000   Number         0  iscntrl_o.o ABSOLUTE
    ../clib/microlib/ctype/ctype.c           0x00000000   Number         0  isblank_o.o ABSOLUTE
    ../clib/microlib/ctype/ctype.c           0x00000000   Number         0  isalpha_o.o ABSOLUTE
    ../clib/microlib/ctype/tolower.c         0x00000000   Number         0  tolower.o ABSOLUTE
    ../clib/microlib/ctype/toupper.c         0x00000000   Number         0  toupper.o ABSOLUTE
    ../clib/microlib/division.c              0x00000000   Number         0  idiv.o ABSOLUTE
    ../clib/microlib/division.c              0x00000000   Number         0  uldiv.o ABSOLUTE
    ../clib/microlib/division.c              0x00000000   Number         0  uidiv.o ABSOLUTE
    ../clib/microlib/errno.c                 0x00000000   Number         0  errno.o ABSOLUTE
    ../clib/microlib/init/entry.s            0x00000000   Number         0  entry7a.o ABSOLUTE
    ../clib/microlib/init/entry.s            0x00000000   Number         0  entry9a.o ABSOLUTE
    ../clib/microlib/init/entry.s            0x00000000   Number         0  entry8b.o ABSOLUTE
    ../clib/microlib/init/entry.s            0x00000000   Number         0  entry8a.o ABSOLUTE
    ../clib/microlib/init/entry.s            0x00000000   Number         0  entry11b.o ABSOLUTE
    ../clib/microlib/init/entry.s            0x00000000   Number         0  entry7b.o ABSOLUTE
    ../clib/microlib/init/entry.s            0x00000000   Number         0  entry11a.o ABSOLUTE
    ../clib/microlib/init/entry.s            0x00000000   Number         0  entry10a.o ABSOLUTE
    ../clib/microlib/init/entry.s            0x00000000   Number         0  entry9b.o ABSOLUTE
    ../clib/microlib/init/entry.s            0x00000000   Number         0  entry5.o ABSOLUTE
    ../clib/microlib/init/entry.s            0x00000000   Number         0  entry2.o ABSOLUTE
    ../clib/microlib/init/entry.s            0x00000000   Number         0  entry10b.o ABSOLUTE
    ../clib/microlib/init/entry.s            0x00000000   Number         0  entry.o ABSOLUTE
    ../clib/microlib/longlong.c              0x00000000   Number         0  llshl.o ABSOLUTE
    ../clib/microlib/longlong.c              0x00000000   Number         0  llushr.o ABSOLUTE
    ../clib/microlib/longlong.c              0x00000000   Number         0  llsshr.o ABSOLUTE
    ../clib/microlib/longlong.c              0x00000000   Number         0  llmul.o ABSOLUTE
    ../clib/microlib/malloc/malloc.c         0x00000000   Number         0  mallocr.o ABSOLUTE
    ../clib/microlib/malloc/malloc.c         0x00000000   Number         0  malloca.o ABSOLUTE
    ../clib/microlib/malloc/malloc.c         0x00000000   Number         0  mallocra.o ABSOLUTE
    ../clib/microlib/malloc/malloc.c         0x00000000   Number         0  malloc.o ABSOLUTE
    ../clib/microlib/malloc/mvars.c          0x00000000   Number         0  mvars.o ABSOLUTE
    ../clib/microlib/printf/printf.c         0x00000000   Number         0  printfa.o ABSOLUTE
    ../clib/microlib/printf/printf.c         0x00000000   Number         0  printf1.o ABSOLUTE
    ../clib/microlib/printf/printf.c         0x00000000   Number         0  printf6.o ABSOLUTE
    ../clib/microlib/printf/printf.c         0x00000000   Number         0  printf0.o ABSOLUTE
    ../clib/microlib/printf/printf.c         0x00000000   Number         0  printfb.o ABSOLUTE
    ../clib/microlib/printf/printf.c         0x00000000   Number         0  printf3.o ABSOLUTE
    ../clib/microlib/printf/printf.c         0x00000000   Number         0  printf5.o ABSOLUTE
    ../clib/microlib/printf/printf.c         0x00000000   Number         0  printf2.o ABSOLUTE
    ../clib/microlib/printf/printf.c         0x00000000   Number         0  printf4.o ABSOLUTE
    ../clib/microlib/printf/printf.c         0x00000000   Number         0  printf7.o ABSOLUTE
    ../clib/microlib/printf/printf.c         0x00000000   Number         0  printf8.o ABSOLUTE
    ../clib/microlib/printf/stubs.s          0x00000000   Number         0  stubs.o ABSOLUTE
    ../clib/microlib/stdio/fputc.c           0x00000000   Number         0  fputc.o ABSOLUTE
    ../clib/microlib/stdio/semi.s            0x00000000   Number         0  semi.o ABSOLUTE
    ../clib/microlib/stdio/streams.c         0x00000000   Number         0  stdout.o ABSOLUTE
    ../clib/microlib/stdlib/abort.c          0x00000000   Number         0  abort.o ABSOLUTE
    ../clib/microlib/stdlib/rand.c           0x00000000   Number         0  rand.o ABSOLUTE
    ../clib/microlib/string/memcpy.c         0x00000000   Number         0  memmovea.o ABSOLUTE
    ../clib/microlib/string/memcpy.c         0x00000000   Number         0  memcpya.o ABSOLUTE
    ../clib/microlib/string/memcpy.c         0x00000000   Number         0  memcpyb.o ABSOLUTE
    ../clib/microlib/string/memcpy.c         0x00000000   Number         0  memmoveb.o ABSOLUTE
    ../clib/microlib/string/memset.c         0x00000000   Number         0  memseta.o ABSOLUTE
    ../clib/microlib/string/strchr.c         0x00000000   Number         0  strchr.o ABSOLUTE
    ../clib/microlib/string/strcmp.c         0x00000000   Number         0  strcmp.o ABSOLUTE
    ../clib/microlib/string/strcpy.c         0x00000000   Number         0  strcpy.o ABSOLUTE
    ../clib/microlib/string/strlen.c         0x00000000   Number         0  strlen.o ABSOLUTE
    ../clib/microlib/string/strncmp.c        0x00000000   Number         0  strncmp.o ABSOLUTE
    ../clib/microlib/string/strncpy.c        0x00000000   Number         0  strncpy.o ABSOLUTE
    ../clib/microlib/string/strrchr.c        0x00000000   Number         0  strrchr.o ABSOLUTE
    ../clib/microlib/string/strstr.c         0x00000000   Number         0  strstr.o ABSOLUTE
    ../clib/microlib/stubs.s                 0x00000000   Number         0  iusefp.o ABSOLUTE
    ../clib/microlib/stubs.s                 0x00000000   Number         0  iusesemip.o ABSOLUTE
    ../clib/scanf.c                          0x00000000   Number         0  atol.o ABSOLUTE
    ../clib/scanf.c                          0x00000000   Number         0  strtol.o ABSOLUTE
    ../clib/scanf.c                          0x00000000   Number         0  strtod.o ABSOLUTE
    ../clib/scanf.c                          0x00000000   Number         0  _sgetc.o ABSOLUTE
    ../clib/scanf.c                          0x00000000   Number         0  _strtoul.o ABSOLUTE
    ../clib/scanf.c                          0x00000000   Number         0  _chval.o ABSOLUTE
    ../clib/scanf.c                          0x00000000   Number         0  scanf_fp.o ABSOLUTE
    ../fplib/microlib/d2f.c                  0x00000000   Number         0  d2f.o ABSOLUTE
    ../fplib/microlib/f2d.c                  0x00000000   Number         0  f2d.o ABSOLUTE
    ../fplib/microlib/fpadd.c                0x00000000   Number         0  dadd.o ABSOLUTE
    ../fplib/microlib/fpadd.c                0x00000000   Number         0  fadd.o ABSOLUTE
    ../fplib/microlib/fpdiv.c                0x00000000   Number         0  fdiv.o ABSOLUTE
    ../fplib/microlib/fpdiv.c                0x00000000   Number         0  ddiv.o ABSOLUTE
    ../fplib/microlib/fpepilogue.c           0x00000000   Number         0  depilogue.o ABSOLUTE
    ../fplib/microlib/fpepilogue.c           0x00000000   Number         0  fepilogue.o ABSOLUTE
    ../fplib/microlib/fpfix.c                0x00000000   Number         0  dfixi.o ABSOLUTE
    ../fplib/microlib/fpfix.c                0x00000000   Number         0  dfixui.o ABSOLUTE
    ../fplib/microlib/fpfix.c                0x00000000   Number         0  ffixir.o ABSOLUTE
    ../fplib/microlib/fpfix.c                0x00000000   Number         0  dfixul.o ABSOLUTE
    ../fplib/microlib/fpfix.c                0x00000000   Number         0  ffixui.o ABSOLUTE
    ../fplib/microlib/fpflt.c                0x00000000   Number         0  fflti.o ABSOLUTE
    ../fplib/microlib/fpflt.c                0x00000000   Number         0  dflti.o ABSOLUTE
    ../fplib/microlib/fpflt.c                0x00000000   Number         0  dfltui.o ABSOLUTE
    ../fplib/microlib/fpflt.c                0x00000000   Number         0  dfltul.o ABSOLUTE
    ../fplib/microlib/fpmul.c                0x00000000   Number         0  dmul.o ABSOLUTE
    ../fplib/microlib/fpmul.c                0x00000000   Number         0  fmul.o ABSOLUTE
    ../fplib/microlib/fpscalb.c              0x00000000   Number         0  fscalb.o ABSOLUTE
    ../fplib/microlib/fpstat.c               0x00000000   Number         0  fpstat.o ABSOLUTE
    ../mathlib/atof.c                        0x00000000   Number         0  atof.o ABSOLUTE
    ../mathlib/fpclassifyf.c                 0x00000000   Number         0  fpclassifyf.o ABSOLUTE
    ../mathlib/funder.c                      0x00000000   Number         0  funder.o ABSOLUTE
    ../mathlib/powf.c                        0x00000000   Number         0  powf.o ABSOLUTE
    ../mathlib/powf.c                        0x00000000   Number         0  powf_x.o ABSOLUTE
    ..\..\..\arduino\Print.cpp               0x00000000   Number         0  print.o ABSOLUTE
    ..\..\..\arduino\RingBuffer.cpp          0x00000000   Number         0  ringbuffer.o ABSOLUTE
    ..\..\..\arduino\Stream.cpp              0x00000000   Number         0  stream.o ABSOLUTE
    ..\..\..\arduino\Tone.cpp                0x00000000   Number         0  tone.o ABSOLUTE
    ..\..\..\arduino\UARTClass.cpp           0x00000000   Number         0  uartclass.o ABSOLUTE
    ..\..\..\arduino\WInterrupts.c           0x00000000   Number         0  winterrupts.o ABSOLUTE
    ..\..\..\arduino\WMath.cpp               0x00000000   Number         0  wmath.o ABSOLUTE
    ..\..\..\arduino\WString.cpp             0x00000000   Number         0  wstring.o ABSOLUTE
    ..\..\..\arduino\dtoa.c                  0x00000000   Number         0  dtoa.o ABSOLUTE
    ..\..\..\arduino\hooks.c                 0x00000000   Number         0  hooks.o ABSOLUTE
    ..\..\..\arduino\itoa.c                  0x00000000   Number         0  itoa.o ABSOLUTE
    ..\..\..\arduino\main.cpp                0x00000000   Number         0  main.o ABSOLUTE
    ..\..\..\arduino\new.cpp                 0x00000000   Number         0  new.o ABSOLUTE
    ..\..\..\arduino\wiring.c                0x00000000   Number         0  wiring.o ABSOLUTE
    ..\..\..\arduino\wiring_analog.c         0x00000000   Number         0  wiring_analog.o ABSOLUTE
    ..\..\..\arduino\wiring_digital.c        0x00000000   Number         0  wiring_digital.o ABSOLUTE
    ..\..\..\arduino\wiring_pulse.cpp        0x00000000   Number         0  wiring_pulse.o ABSOLUTE
    ..\..\..\arduino\wiring_shift.c          0x00000000   Number         0  wiring_shift.o ABSOLUTE
    ..\..\..\arduino\wuart.cpp               0x00000000   Number         0  wuart.o ABSOLUTE
    ..\..\..\arduino_nrf51822\app_error_check.c 0x00000000   Number         0  app_error_check.o ABSOLUTE
    ..\..\..\arduino_nrf51822\pin_transform.c 0x00000000   Number         0  pin_transform.o ABSOLUTE
    ..\..\..\arduino_nrf51822\variant.cpp    0x00000000   Number         0  variant.o ABSOLUTE
    ..\..\..\blinky.c                        0x00000000   Number         0  blinky.o ABSOLUTE
    ..\\..\\..\\arduino\\Print.cpp           0x00000000   Number         0  print.o ABSOLUTE
    ..\\..\\..\\arduino\\Stream.cpp          0x00000000   Number         0  stream.o ABSOLUTE
    ..\\..\\..\\arduino\\Tone.cpp            0x00000000   Number         0  tone.o ABSOLUTE
    ..\\..\\..\\arduino\\UARTClass.cpp       0x00000000   Number         0  uartclass.o ABSOLUTE
    ..\\..\\..\\arduino\\WInterrupts.c       0x00000000   Number         0  winterrupts.o ABSOLUTE
    ..\\..\\..\\arduino\\main.cpp            0x00000000   Number         0  main.o ABSOLUTE
    ..\\..\\..\\arduino\\wiring.c            0x00000000   Number         0  wiring.o ABSOLUTE
    ..\\..\\..\\arduino\\wiring_analog.c     0x00000000   Number         0  wiring_analog.o ABSOLUTE
    ..\\..\\..\\arduino\\wiring_digital.c    0x00000000   Number         0  wiring_digital.o ABSOLUTE
    ..\\..\\..\\arduino\\wiring_pulse.cpp    0x00000000   Number         0  wiring_pulse.o ABSOLUTE
    ..\\..\\..\\arduino\\wiring_shift.c      0x00000000   Number         0  wiring_shift.o ABSOLUTE
    ..\\..\\..\\arduino\\wuart.cpp           0x00000000   Number         0  wuart.o ABSOLUTE
    ..\\..\\..\\arduino_nrf51822\\app_error_check.c 0x00000000   Number         0  app_error_check.o ABSOLUTE
    ..\\..\\..\\arduino_nrf51822\\pin_transform.c 0x00000000   Number         0  pin_transform.o ABSOLUTE
    ..\\..\\..\\arduino_nrf51822\\variant.cpp 0x00000000   Number         0  variant.o ABSOLUTE
    ..\\..\\..\\blinky.c                     0x00000000   Number         0  blinky.o ABSOLUTE
    C:\Keil_v5\ARM\PACK\NordicSemiconductor\nRF_Drivers\1.2.0\hal\nrf_delay.c 0x00000000   Number         0  nrf_delay.o ABSOLUTE
    C:\\Keil_v5\\ARM\\PACK\\NordicSemiconductor\\nRF_Drivers\\1.2.0\\hal\\nrf_delay.c 0x00000000   Number         0  nrf_delay.o ABSOLUTE
    RTE\Device\nRF51422_xxAC\arm_startup_nrf51.s 0x00000000   Number         0  arm_startup_nrf51.o ABSOLUTE
    RTE\Device\nRF51422_xxAC\system_nrf51.c  0x00000000   Number         0  system_nrf51.o ABSOLUTE
    RTE\\Device\\nRF51422_xxAC\\system_nrf51.c 0x00000000   Number         0  system_nrf51.o ABSOLUTE
    RTE\\nRF_Libraries\\nRF51422_xxAC\\app_error.c 0x00000000   Number         0  app_error.o ABSOLUTE
    RTE\\nRF_Libraries\\nRF51422_xxAC\\app_scheduler.c 0x00000000   Number         0  app_scheduler.o ABSOLUTE
    RTE\\nRF_Libraries\\nRF51422_xxAC\\app_timer.c 0x00000000   Number         0  app_timer.o ABSOLUTE
    RTE\\nRF_Libraries\\nRF51422_xxAC\\app_util_platform.c 0x00000000   Number         0  app_util_platform.o ABSOLUTE
    RTE\nRF_Libraries\nRF51422_xxAC\app_error.c 0x00000000   Number         0  app_error.o ABSOLUTE
    RTE\nRF_Libraries\nRF51422_xxAC\app_scheduler.c 0x00000000   Number         0  app_scheduler.o ABSOLUTE
    RTE\nRF_Libraries\nRF51422_xxAC\app_timer.c 0x00000000   Number         0  app_timer.o ABSOLUTE
    RTE\nRF_Libraries\nRF51422_xxAC\app_util_platform.c 0x00000000   Number         0  app_util_platform.o ABSOLUTE
    RTE\nRF_Libraries\nRF51422_xxAC\nrf_assert.c 0x00000000   Number         0  nrf_assert.o ABSOLUTE
    cdcmple.s                                0x00000000   Number         0  cdcmple.o ABSOLUTE
    cdrcmple.s                               0x00000000   Number         0  cdrcmple.o ABSOLUTE
    dc.s                                     0x00000000   Number         0  dc.o ABSOLUTE
    handlers.s                               0x00000000   Number         0  handlers.o ABSOLUTE
    init.s                                   0x00000000   Number         0  init.o ABSOLUTE
    .ARM.Collect$$$$00000000                 0x000000c0   Section        0  entry.o(.ARM.Collect$$$$00000000)
    .ARM.Collect$$$$00000001                 0x000000c0   Section        4  entry2.o(.ARM.Collect$$$$00000001)
    .ARM.Collect$$$$00000004                 0x000000c4   Section        4  entry5.o(.ARM.Collect$$$$00000004)
    .ARM.Collect$$$$00000008                 0x000000c8   Section        0  entry7b.o(.ARM.Collect$$$$00000008)
    .ARM.Collect$$$$00000009                 0x000000c8   Section        4  entry8a.o(.ARM.Collect$$$$00000009)
    .ARM.Collect$$$$0000000A                 0x000000cc   Section        0  entry8b.o(.ARM.Collect$$$$0000000A)
    .ARM.Collect$$$$0000000B                 0x000000cc   Section        8  entry9a.o(.ARM.Collect$$$$0000000B)
    .ARM.Collect$$$$0000000D                 0x000000d4   Section        0  entry10a.o(.ARM.Collect$$$$0000000D)
    .ARM.Collect$$$$0000000F                 0x000000d4   Section        0  entry11a.o(.ARM.Collect$$$$0000000F)
    .ARM.Collect$$$$00002712                 0x000000d4   Section        4  entry2.o(.ARM.Collect$$$$00002712)
    __lit__00000000                          0x000000d4   Data           4  entry2.o(.ARM.Collect$$$$00002712)
    .emb_text                                0x000000d8   Section       30  nrf_delay.o(.emb_text)
    .text                                    0x000000f8   Section       56  arm_startup_nrf51.o(.text)
    .text                                    0x00000130   Section        0  memseta.o(.text)
    .text                                    0x00000154   Section        0  cpp_init.o(.text)
    .text                                    0x00000174   Section       36  init.o(.text)
    i.GPIOTE_Channel_Clean                   0x00000198   Section        0  wiring_analog.o(i.GPIOTE_Channel_Clean)
    i.PPI_Off_FROM_GPIO                      0x000001b8   Section        0  wiring_analog.o(i.PPI_Off_FROM_GPIO)
    i.Pin_nRF51822_to_Arduino                0x000002f0   Section        0  pin_transform.o(i.Pin_nRF51822_to_Arduino)
    i.SystemInit                             0x0000037c   Section        0  system_nrf51.o(i.SystemInit)
    i.UnlinkInterrupt                        0x000003d0   Section        0  winterrupts.o(i.UnlinkInterrupt)
    i._Z12nrf_delay_msj                      0x000003d4   Section        0  nrf_delay.o(i._Z12nrf_delay_msj)
    i._Z33is_manual_peripheral_setup_neededv 0x000003f0   Section        0  system_nrf51.o(i._Z33is_manual_peripheral_setup_neededv)
    is_manual_peripheral_setup_needed()      0x000003f1   Thumb Code    66  system_nrf51.o(i._Z33is_manual_peripheral_setup_neededv)
    i._Z8turnPinsb                           0x00000438   Section        0  blinky.o(i._Z8turnPinsb)
    i._ZN10RingBufferC1Ev                    0x00000456   Section        0  ringbuffer.o(i._ZN10RingBufferC1Ev)
    i._ZN9UARTClassC1EP10RingBuffer          0x0000046c   Section        0  uartclass.o(i._ZN9UARTClassC1EP10RingBuffer)
    i.__ARM_common_switch8                   0x00000484   Section        0  wiring_digital.o(i.__ARM_common_switch8)
    i.__scatterload_copy                     0x0000049e   Section       14  handlers.o(i.__scatterload_copy)
    i.__scatterload_null                     0x000004ac   Section        2  handlers.o(i.__scatterload_null)
    i.__scatterload_zeroinit                 0x000004ae   Section       14  handlers.o(i.__scatterload_zeroinit)
    i.__sti___9_wuart_cpp_6f152d4a           0x000004bc   Section        0  wuart.o(i.__sti___9_wuart_cpp_6f152d4a)
    __sti___9_wuart_cpp_6f152d4a             0x000004bd   Thumb Code    20  wuart.o(i.__sti___9_wuart_cpp_6f152d4a)
    i.delay                                  0x000004d4   Section        0  wiring.o(i.delay)
    i.digitalWrite                           0x000004dc   Section        0  wiring_digital.o(i.digitalWrite)
    i.init                                   0x00000508   Section        0  variant.o(i.init)
    i.initVariant                            0x00000510   Section        0  main.o(i.initVariant)
    i.lfclk_config                           0x00000514   Section        0  variant.o(i.lfclk_config)
    i.loop                                   0x00000538   Section        0  blinky.o(i.loop)
    i.main                                   0x00000558   Section        0  main.o(i.main)
    i.pinMode                                0x00000580   Section        0  wiring_digital.o(i.pinMode)
    i.setup                                  0x000005fc   Section        0  blinky.o(i.setup)
    .constdata__ZTV9UARTClass                0x00000610   Section       32  uartclass.o(.constdata__ZTV9UARTClass)
    .init_array                              0x00000650   Section        4  wuart.o(.init_array)
    .init_array                              0x00000654   Section        0  cpp_init.o(.init_array)
    .data                                    0x20000000   Section       56  wiring_analog.o(.data)
    analogReadResolution_bit                 0x20000000   Data           1  wiring_analog.o(.data)
    analogWriteResolution_bit                0x20000001   Data           1  wiring_analog.o(.data)
    softdevice_enabled                       0x20000002   Data           1  wiring_analog.o(.data)
    GPIOTE_Channel_for_Analog                0x20000003   Data           3  wiring_analog.o(.data)
    Timer1_Occupied_Pin                      0x20000006   Data           3  wiring_analog.o(.data)
    PWM_Channels_Start                       0x20000009   Data           3  wiring_analog.o(.data)
    GPIOTE_Channels_Occupied                 0x2000000c   Data           4  wiring_analog.o(.data)
    analogReference_ext_type                 0x20000010   Data           4  wiring_analog.o(.data)
    analogReference_type                     0x20000014   Data           4  wiring_analog.o(.data)
    analogReference_inpsel_type              0x20000018   Data           4  wiring_analog.o(.data)
    PPI_Channels_Occupied                    0x2000001c   Data          16  wiring_analog.o(.data)
    PWM_Channels_Value                       0x2000002c   Data          12  wiring_analog.o(.data)
    .data                                    0x20000038   Section        4  system_nrf51.o(.data)
    __tagsym$$used                           0x20000038   Number         0  system_nrf51.o(.data)
    .bss                                     0x2000003c   Section       96  wuart.o(.bss)
    STACK                                    0x200000a0   Section     2048  arm_startup_nrf51.o(STACK)

    Global Symbols

    Symbol Name                              Value     Ov Type        Size  Object(Section)

    BuildAttributes$$THM_ISAv3M$S$PE$A:L22$X:L11$S22$IEEE1$IW$USESV6$~STKCKD$USESV7$~SHL$OTIME$ROPI$IEEEX$EBA8$UX$MICROLIB$REQ8$PRES8$EABIv2 0x00000000   Number         0  anon$$obj.o ABSOLUTE
    __ARM_use_no_argv                        0x00000000   Number         0  main.o ABSOLUTE
    __Vectors                                0x00000000   Data           4  arm_startup_nrf51.o(RESET)
    _printf_a                                0x00000000   Number         0  stubs.o ABSOLUTE
    _printf_c                                0x00000000   Number         0  stubs.o ABSOLUTE
    _printf_charcount                        0x00000000   Number         0  stubs.o ABSOLUTE
    _printf_d                                0x00000000   Number         0  stubs.o ABSOLUTE
    _printf_e                                0x00000000   Number         0  stubs.o ABSOLUTE
    _printf_f                                0x00000000   Number         0  stubs.o ABSOLUTE
    _printf_flags                            0x00000000   Number         0  stubs.o ABSOLUTE
    _printf_fp_dec                           0x00000000   Number         0  stubs.o ABSOLUTE
    _printf_fp_hex                           0x00000000   Number         0  stubs.o ABSOLUTE
    _printf_g                                0x00000000   Number         0  stubs.o ABSOLUTE
    _printf_i                                0x00000000   Number         0  stubs.o ABSOLUTE
    _printf_int_dec                          0x00000000   Number         0  stubs.o ABSOLUTE
    _printf_l                                0x00000000   Number         0  stubs.o ABSOLUTE
    _printf_lc                               0x00000000   Number         0  stubs.o ABSOLUTE
    _printf_ll                               0x00000000   Number         0  stubs.o ABSOLUTE
    _printf_lld                              0x00000000   Number         0  stubs.o ABSOLUTE
    _printf_lli                              0x00000000   Number         0  stubs.o ABSOLUTE
    _printf_llo                              0x00000000   Number         0  stubs.o ABSOLUTE
    _printf_llu                              0x00000000   Number         0  stubs.o ABSOLUTE
    _printf_llx                              0x00000000   Number         0  stubs.o ABSOLUTE
    _printf_longlong_dec                     0x00000000   Number         0  stubs.o ABSOLUTE
    _printf_longlong_hex                     0x00000000   Number         0  stubs.o ABSOLUTE
    _printf_longlong_oct                     0x00000000   Number         0  stubs.o ABSOLUTE
    _printf_ls                               0x00000000   Number         0  stubs.o ABSOLUTE
    _printf_mbtowc                           0x00000000   Number         0  stubs.o ABSOLUTE
    _printf_n                                0x00000000   Number         0  stubs.o ABSOLUTE
    _printf_o                                0x00000000   Number         0  stubs.o ABSOLUTE
    _printf_p                                0x00000000   Number         0  stubs.o ABSOLUTE
    _printf_percent                          0x00000000   Number         0  stubs.o ABSOLUTE
    _printf_pre_padding                      0x00000000   Number         0  stubs.o ABSOLUTE
    _printf_return_value                     0x00000000   Number         0  stubs.o ABSOLUTE
    _printf_s                                0x00000000   Number         0  stubs.o ABSOLUTE
    _printf_sizespec                         0x00000000   Number         0  stubs.o ABSOLUTE
    _printf_str                              0x00000000   Number         0  stubs.o ABSOLUTE
    _printf_truncate_signed                  0x00000000   Number         0  stubs.o ABSOLUTE
    _printf_truncate_unsigned                0x00000000   Number         0  stubs.o ABSOLUTE
    _printf_u                                0x00000000   Number         0  stubs.o ABSOLUTE
    _printf_wc                               0x00000000   Number         0  stubs.o ABSOLUTE
    _printf_wctomb                           0x00000000   Number         0  stubs.o ABSOLUTE
    _printf_widthprec                        0x00000000   Number         0  stubs.o ABSOLUTE
    _printf_x                                0x00000000   Number         0  stubs.o ABSOLUTE
    serialEventRun()                          - Undefined Weak Reference
    __ARM::default_unexpected_handler()       - Undefined Weak Reference
    typeinfo for Printable                    - Undefined Weak Reference
    __ARM_exceptions_buffer_required          - Undefined Weak Reference
    __cxa_finalize                            - Undefined Weak Reference
    __decompress                              - Undefined Weak Reference
    _clock_init                               - Undefined Weak Reference
    _microlib_exit                            - Undefined Weak Reference
    __Vectors_End                            0x000000c0   Data           0  arm_startup_nrf51.o(RESET)
    __Vectors_Size                           0x000000c0   Number         0  arm_startup_nrf51.o ABSOLUTE
    __main                                   0x000000c1   Thumb Code     0  entry.o(.ARM.Collect$$$$00000000)
    _main_stk                                0x000000c1   Thumb Code     0  entry2.o(.ARM.Collect$$$$00000001)
    _main_scatterload                        0x000000c5   Thumb Code     0  entry5.o(.ARM.Collect$$$$00000004)
    __main_after_scatterload                 0x000000c9   Thumb Code     0  entry5.o(.ARM.Collect$$$$00000004)
    _main_clock                              0x000000c9   Thumb Code     0  entry7b.o(.ARM.Collect$$$$00000008)
    _main_cpp_init$empty                     0x000000c9   Thumb Code     0  entry8a.o(.ARM.Collect$$$$00000009)
    _main_cpp_init                           0x000000cd   Thumb Code     0  entry8b.o(.ARM.Collect$$$$0000000A)
    _main_init                               0x000000cd   Thumb Code     0  entry9a.o(.ARM.Collect$$$$0000000B)
    __rt_final_cpp                           0x000000d5   Thumb Code     0  entry10a.o(.ARM.Collect$$$$0000000D)
    __rt_final_exit                          0x000000d5   Thumb Code     0  entry11a.o(.ARM.Collect$$$$0000000F)
    __asm___11_nrf_delay_c_12821de1___Z12nrf_delay_usj 0x000000d9   Thumb Code    30  nrf_delay.o(.emb_text)
    Reset_Handler                            0x000000f9   Thumb Code    26  arm_startup_nrf51.o(.text)
    NMI_Handler                              0x00000113   Thumb Code     2  arm_startup_nrf51.o(.text)
    HardFault_Handler                        0x00000115   Thumb Code     2  arm_startup_nrf51.o(.text)
    SVC_Handler                              0x00000117   Thumb Code     2  arm_startup_nrf51.o(.text)
    PendSV_Handler                           0x00000119   Thumb Code     2  arm_startup_nrf51.o(.text)
    SysTick_Handler                          0x0000011b   Thumb Code     2  arm_startup_nrf51.o(.text)
    ADC_IRQHandler                           0x0000011d   Thumb Code     0  arm_startup_nrf51.o(.text)
    CCM_AAR_IRQHandler                       0x0000011d   Thumb Code     0  arm_startup_nrf51.o(.text)
    ECB_IRQHandler                           0x0000011d   Thumb Code     0  arm_startup_nrf51.o(.text)
    GPIOTE_IRQHandler                        0x0000011d   Thumb Code     0  arm_startup_nrf51.o(.text)
    LPCOMP_IRQHandler                        0x0000011d   Thumb Code     0  arm_startup_nrf51.o(.text)
    POWER_CLOCK_IRQHandler                   0x0000011d   Thumb Code     0  arm_startup_nrf51.o(.text)
    QDEC_IRQHandler                          0x0000011d   Thumb Code     0  arm_startup_nrf51.o(.text)
    RADIO_IRQHandler                         0x0000011d   Thumb Code     0  arm_startup_nrf51.o(.text)
    RNG_IRQHandler                           0x0000011d   Thumb Code     0  arm_startup_nrf51.o(.text)
    RTC0_IRQHandler                          0x0000011d   Thumb Code     0  arm_startup_nrf51.o(.text)
    RTC1_IRQHandler                          0x0000011d   Thumb Code     0  arm_startup_nrf51.o(.text)
    SPI0_TWI0_IRQHandler                     0x0000011d   Thumb Code     0  arm_startup_nrf51.o(.text)
    SPI1_TWI1_IRQHandler                     0x0000011d   Thumb Code     0  arm_startup_nrf51.o(.text)
    SWI0_IRQHandler                          0x0000011d   Thumb Code     0  arm_startup_nrf51.o(.text)
    SWI1_IRQHandler                          0x0000011d   Thumb Code     0  arm_startup_nrf51.o(.text)
    SWI2_IRQHandler                          0x0000011d   Thumb Code     0  arm_startup_nrf51.o(.text)
    SWI3_IRQHandler                          0x0000011d   Thumb Code     0  arm_startup_nrf51.o(.text)
    SWI4_IRQHandler                          0x0000011d   Thumb Code     0  arm_startup_nrf51.o(.text)
    SWI5_IRQHandler                          0x0000011d   Thumb Code     0  arm_startup_nrf51.o(.text)
    TEMP_IRQHandler                          0x0000011d   Thumb Code     0  arm_startup_nrf51.o(.text)
    TIMER0_IRQHandler                        0x0000011d   Thumb Code     0  arm_startup_nrf51.o(.text)
    TIMER1_IRQHandler                        0x0000011d   Thumb Code     0  arm_startup_nrf51.o(.text)
    TIMER2_IRQHandler                        0x0000011d   Thumb Code     0  arm_startup_nrf51.o(.text)
    UART0_IRQHandler                         0x0000011d   Thumb Code     0  arm_startup_nrf51.o(.text)
    WDT_IRQHandler                           0x0000011d   Thumb Code     0  arm_startup_nrf51.o(.text)
    __aeabi_memset                           0x00000131   Thumb Code    14  memseta.o(.text)
    __aeabi_memset4                          0x00000131   Thumb Code     0  memseta.o(.text)
    __aeabi_memset8                          0x00000131   Thumb Code     0  memseta.o(.text)
    __aeabi_memclr                           0x0000013f   Thumb Code     4  memseta.o(.text)
    __aeabi_memclr4                          0x0000013f   Thumb Code     0  memseta.o(.text)
    __aeabi_memclr8                          0x0000013f   Thumb Code     0  memseta.o(.text)
    _memset$wrapper                          0x00000143   Thumb Code    18  memseta.o(.text)
    __cpp_initialize__aeabi_                 0x00000155   Thumb Code    22  cpp_init.o(.text)
    __scatterload                            0x00000175   Thumb Code    28  init.o(.text)
    __scatterload_rt2                        0x00000175   Thumb Code     0  init.o(.text)
    GPIOTE_Channel_Clean                     0x00000199   Thumb Code    18  wiring_analog.o(i.GPIOTE_Channel_Clean)
    PPI_Off_FROM_GPIO                        0x000001b9   Thumb Code   292  wiring_analog.o(i.PPI_Off_FROM_GPIO)
    Pin_nRF51822_to_Arduino                  0x000002f1   Thumb Code   140  pin_transform.o(i.Pin_nRF51822_to_Arduino)
    SystemInit                               0x0000037d   Thumb Code    64  system_nrf51.o(i.SystemInit)
    UnlinkInterrupt                          0x000003d1   Thumb Code     2  winterrupts.o(i.UnlinkInterrupt)
    nrf_delay_ms(unsigned)                   0x000003d5   Thumb Code    24  nrf_delay.o(i._Z12nrf_delay_msj)
    turnPins(bool)                           0x00000439   Thumb Code    30  blinky.o(i._Z8turnPinsb)
    RingBuffer::RingBuffer()                 0x00000457   Thumb Code    20  ringbuffer.o(i._ZN10RingBufferC1Ev)
    RingBuffer::RingBuffer__sub_object()     0x00000457   Thumb Code     0  ringbuffer.o(i._ZN10RingBufferC1Ev)
    UARTClass::UARTClass(RingBuffer*)        0x0000046d   Thumb Code    18  uartclass.o(i._ZN9UARTClassC1EP10RingBuffer)
    UARTClass::UARTClass__sub_object(RingBuffer*) 0x0000046d   Thumb Code     0  uartclass.o(i._ZN9UARTClassC1EP10RingBuffer)
    __ARM_common_switch8                     0x00000485   Thumb Code    26  wiring_digital.o(i.__ARM_common_switch8)
    __scatterload_copy                       0x0000049f   Thumb Code    14  handlers.o(i.__scatterload_copy)
    __scatterload_null                       0x000004ad   Thumb Code     2  handlers.o(i.__scatterload_null)
    __scatterload_zeroinit                   0x000004af   Thumb Code    14  handlers.o(i.__scatterload_zeroinit)
    delay                                    0x000004d5   Thumb Code     8  wiring.o(i.delay)
    digitalWrite                             0x000004dd   Thumb Code    38  wiring_digital.o(i.digitalWrite)
    init                                     0x00000509   Thumb Code     8  variant.o(i.init)
    initVariant                              0x00000511   Thumb Code     2  main.o(i.initVariant)
    lfclk_config                             0x00000515   Thumb Code    26  variant.o(i.lfclk_config)
    loop                                     0x00000539   Thumb Code    32  blinky.o(i.loop)
    main                                     0x00000559   Thumb Code    36  main.o(i.main)
    pinMode                                  0x00000581   Thumb Code    94  wiring_digital.o(i.pinMode)
    setup                                    0x000005fd   Thumb Code    20  blinky.o(i.setup)
    vtable for UARTClass                     0x00000610   Data          32  uartclass.o(.constdata__ZTV9UARTClass)
    Region$$Table$$Base                      0x00000630   Number         0  anon$$obj.o(Region$$Table)
    Region$$Table$$Limit                     0x00000650   Number         0  anon$$obj.o(Region$$Table)
    SHT$$INIT_ARRAY$$Base                    0x00000650   Number         0  wuart.o(.init_array)
    SHT$$INIT_ARRAY$$Limit                   0x00000654   Number         0  cpp_init.o(.init_array)
    SystemCoreClock                          0x20000038   Data           4  system_nrf51.o(.data)
    rxbuffer                                 0x2000003c   Data          72  wuart.o(.bss)
    Serial                                   0x20000084   Data          24  wuart.o(.bss)
    __initial_sp                             0x200008a0   Data           0  arm_startup_nrf51.o(STACK)



==============================================================================

Memory Map of the image

  Image Entry point : 0x000000c1

  Load Region LR_IROM1 (Base: 0x00000000, Size: 0x00000690, Max: 0x00039000, ABSOLUTE)

    Execution Region ER_IROM1 (Base: 0x00000000, Size: 0x00000654, Max: 0x00039000, ABSOLUTE)

    Base Addr    Size         Type   Attr      Idx    E Section Name        Object

    0x00000000   0x000000c0   Data   RO         2099    RESET               arm_startup_nrf51.o
    0x000000c0   0x00000000   Code   RO         2661  * .ARM.Collect$$$$00000000  mc_p.l(entry.o)
    0x000000c0   0x00000004   Code   RO         3086    .ARM.Collect$$$$00000001  mc_p.l(entry2.o)
    0x000000c4   0x00000004   Code   RO         3089    .ARM.Collect$$$$00000004  mc_p.l(entry5.o)
    0x000000c8   0x00000000   Code   RO         3091    .ARM.Collect$$$$00000008  mc_p.l(entry7b.o)
    0x000000c8   0x00000004   Code   RO         3092    .ARM.Collect$$$$00000009  mc_p.l(entry8a.o)
    0x000000cc   0x00000000   Code   RO         3093    .ARM.Collect$$$$0000000A  mc_p.l(entry8b.o)
    0x000000cc   0x00000008   Code   RO         3094    .ARM.Collect$$$$0000000B  mc_p.l(entry9a.o)
    0x000000d4   0x00000000   Code   RO         3096    .ARM.Collect$$$$0000000D  mc_p.l(entry10a.o)
    0x000000d4   0x00000000   Code   RO         3098    .ARM.Collect$$$$0000000F  mc_p.l(entry11a.o)
    0x000000d4   0x00000004   Code   RO         3087    .ARM.Collect$$$$00002712  mc_p.l(entry2.o)
    0x000000d8   0x0000001e   Code   RO         2158    .emb_text           nrf_delay.o
    0x000000f6   0x00000002   PAD
    0x000000f8   0x00000038   Code   RO         2100    .text               arm_startup_nrf51.o
    0x00000130   0x00000024   Code   RO         2709    .text               mc_p.l(memseta.o)
    0x00000154   0x00000020   Code   RO         3025    .text               mc_p.l(cpp_init.o)
    0x00000174   0x00000024   Code   RO         3154    .text               mc_p.l(init.o)
    0x00000198   0x00000020   Code   RO         1052    i.GPIOTE_Channel_Clean  wiring_analog.o
    0x000001b8   0x00000138   Code   RO         1056    i.PPI_Off_FROM_GPIO  wiring_analog.o
    0x000002f0   0x0000008c   Code   RO         1961    i.Pin_nRF51822_to_Arduino  pin_transform.o
    0x0000037c   0x00000054   Code   RO         2107    i.SystemInit        system_nrf51.o
    0x000003d0   0x00000002   Code   RO          903    i.UnlinkInterrupt   winterrupts.o
    0x000003d2   0x00000002   PAD
    0x000003d4   0x0000001c   Code   RO         2159    i._Z12nrf_delay_msj  nrf_delay.o
    0x000003f0   0x00000048   Code   RO         2108    i._Z33is_manual_peripheral_setup_neededv  system_nrf51.o
    0x00000438   0x0000001e   Code   RO            4    i._Z8turnPinsb      blinky.o
    0x00000456   0x00000014   Code   RO          553    i._ZN10RingBufferC1Ev  ringbuffer.o
    0x0000046a   0x00000002   PAD
    0x0000046c   0x00000018   Code   RO          789    i._ZN9UARTClassC1EP10RingBuffer  uartclass.o
    0x00000484   0x0000001a   Code   RO         1221    i.__ARM_common_switch8  wiring_digital.o
    0x0000049e   0x0000000e   Code   RO         3185    i.__scatterload_copy  mc_p.l(handlers.o)
    0x000004ac   0x00000002   Code   RO         3186    i.__scatterload_null  mc_p.l(handlers.o)
    0x000004ae   0x0000000e   Code   RO         3187    i.__scatterload_zeroinit  mc_p.l(handlers.o)
    0x000004bc   0x00000018   Code   RO         1823    i.__sti___9_wuart_cpp_6f152d4a  wuart.o
    0x000004d4   0x00000008   Code   RO          966    i.delay             wiring.o
    0x000004dc   0x0000002c   Code   RO         1189    i.digitalWrite      wiring_digital.o
    0x00000508   0x00000008   Code   RO         1986    i.init              variant.o
    0x00000510   0x00000002   Code   RO          269    i.initVariant       main.o
    0x00000512   0x00000002   PAD
    0x00000514   0x00000024   Code   RO         1987    i.lfclk_config      variant.o
    0x00000538   0x00000020   Code   RO            5    i.loop              blinky.o
    0x00000558   0x00000028   Code   RO          270    i.main              main.o
    0x00000580   0x0000007c   Code   RO         1190    i.pinMode           wiring_digital.o
    0x000005fc   0x00000014   Code   RO            6    i.setup             blinky.o
    0x00000610   0x00000020   Data   RO          858    .constdata__ZTV9UARTClass  uartclass.o
    0x00000630   0x00000020   Data   RO         3183    Region$$Table       anon$$obj.o
    0x00000650   0x00000004   Data   RO         1837    .init_array         wuart.o
    0x00000654   0x00000000   Data   RO         3023    .init_array         mc_p.l(cpp_init.o)


    Execution Region RW_IRAM1 (Base: 0x20000000, Size: 0x000008a0, Max: 0x00008000, ABSOLUTE)

    Base Addr    Size         Type   Attr      Idx    E Section Name        Object

    0x20000000   0x00000038   Data   RW         1084    .data               wiring_analog.o
    0x20000038   0x00000004   Data   RW         2112    .data               system_nrf51.o
    0x2000003c   0x00000060   Zero   RW         1835    .bss                wuart.o
    0x2000009c   0x00000004   PAD
    0x200000a0   0x00000800   Zero   RW         2097    STACK               arm_startup_nrf51.o


==============================================================================

Image component sizes


      Code (inc. data)   RO Data    RW Data    ZI Data      Debug   Object Name

        56         18        192          0       2048        632   arm_startup_nrf51.o
        82          0          0          0          0      37091   blinky.o
        42          4          0          0          0        877   main.o
        58          4          0          0          0       1003   nrf_delay.o
       140         28          0          0          0       1078   pin_transform.o
        20          0          0          0          0       2140   ringbuffer.o
       156         26          0          4          0       3091   system_nrf51.o
         0          0          0          0          0       5652   tone.o
        24          6         32          0          0       5812   uartclass.o
        44         10          0          0          0       1926   variant.o
         2          0          0          0          0       1625   winterrupts.o
         8          0          0          0          0        424   wiring.o
       344         34          0         56          0       3978   wiring_analog.o
       194         52          0          0          0       1185   wiring_digital.o
        24          4          4          0         96        726   wuart.o

    ----------------------------------------------------------------------
      1202        186        260         60       2148      67240   Object Totals
         0          0         32          0          0          0   (incl. Generated)
         8          0          0          0          4          0   (incl. Padding)

    ----------------------------------------------------------------------

      Code (inc. data)   RO Data    RW Data    ZI Data      Debug   Library Member Name

        32         10          0          0          0         72   cpp_init.o
         0          0          0          0          0          0   entry.o
         0          0          0          0          0          0   entry10a.o
         0          0          0          0          0          0   entry11a.o
         8          4          0          0          0          0   entry2.o
         4          0          0          0          0          0   entry5.o
         0          0          0          0          0          0   entry7b.o
         4          0          0          0          0          0   entry8a.o
         0          0          0          0          0          0   entry8b.o
         8          4          0          0          0          0   entry9a.o
        30          0          0          0          0          0   handlers.o
        36          8          0          0          0         68   init.o
        36          0          0          0          0        100   memseta.o

    ----------------------------------------------------------------------
       158         26          0          0          0        240   Library Totals
         0          0          0          0          0          0   (incl. Padding)

    ----------------------------------------------------------------------

      Code (inc. data)   RO Data    RW Data    ZI Data      Debug   Library Name

       158         26          0          0          0        240   mc_p.l

    ----------------------------------------------------------------------
       158         26          0          0          0        240   Library Totals

    ----------------------------------------------------------------------

==============================================================================


      Code (inc. data)   RO Data    RW Data    ZI Data      Debug   

      1360        212        260         60       2148      66788   Grand Totals
      1360        212        260         60       2148      66788   ELF Image Totals
      1360        212        260         60          0          0   ROM Totals

==============================================================================

    Total RO  Size (Code + RO Data)                 1620 (   1.58kB)
    Total RW  Size (RW Data + ZI Data)              2208 (   2.16kB)
    Total ROM Size (Code + RO Data + RW Data)       1680 (   1.64kB)

==============================================================================

